Archive member included because of file (symbol)

../../../../../driver/chip/mt7687/lib/libhal_core_CM4_GCC.a(hal_efuse.o)
                              ../../../../../out/mt7687_hdk/mcs_react_native_7697/obj/bootloader/driver/chip/mt7687/src/common/low_hal_wdt.o (hal_efuse_read)
../../../../../driver/chip/mt7687/lib/libhal_protected_CM4_GCC.a(crypt_aes.o)
                              ../../../../../out/mt7687_hdk/mcs_react_native_7697/obj/bootloader/driver/chip/mt7687/src/hal_aes.o (aes_configure)
../../../../../driver/chip/mt7687/lib/libhal_protected_CM4_GCC.a(crypt_des.o)
                              ../../../../../out/mt7687_hdk/mcs_react_native_7697/obj/bootloader/driver/chip/mt7687/src/hal_des.o (des_configure)
../../../../../driver/chip/mt7687/lib/libhal_protected_CM4_GCC.a(crypt_md5.o)
                              ../../../../../out/mt7687_hdk/mcs_react_native_7697/obj/bootloader/driver/chip/mt7687/src/hal_md5.o (crypt_md5_init)
../../../../../driver/chip/mt7687/lib/libhal_protected_CM4_GCC.a(crypt_sha.o)
                              ../../../../../out/mt7687_hdk/mcs_react_native_7697/obj/bootloader/driver/chip/mt7687/src/hal_sha.o (crypt_sha_init)
../../../../../driver/chip/mt7687/lib/libhal_protected_CM4_GCC.a(hal_sec.o)
                              ../../../../../driver/chip/mt7687/lib/libhal_protected_CM4_GCC.a(crypt_aes.o) (halSecAES)
/Users/blue-mtk/Downloads/LinkIt_SDK_V4.2.0_public/tools/gcc/gcc-arm-none-eabi/bin/../lib/gcc/arm-none-eabi/4.8.4/armv7e-m/fpu/libgcc.a(_arm_addsubsf3.o)
                              ../../../../../out/mt7687_hdk/mcs_react_native_7697/obj/bootloader/driver/board/mt76x7_hdk/bootloader/src/mt7687/hw_uart.o (__aeabi_l2f)
/Users/blue-mtk/Downloads/LinkIt_SDK_V4.2.0_public/tools/gcc/gcc-arm-none-eabi/bin/../lib/gcc/arm-none-eabi/4.8.4/../../../../arm-none-eabi/lib/armv7e-m/fpu/libc_s.a(lib_a-assert.o)
                              ../../../../../out/mt7687_hdk/mcs_react_native_7697/obj/bootloader/driver/chip/mt7687/src/common/flash_sfc.o (__assert_func)
/Users/blue-mtk/Downloads/LinkIt_SDK_V4.2.0_public/tools/gcc/gcc-arm-none-eabi/bin/../lib/gcc/arm-none-eabi/4.8.4/../../../../arm-none-eabi/lib/armv7e-m/fpu/libc_s.a(lib_a-fprintf.o)
                              /Users/blue-mtk/Downloads/LinkIt_SDK_V4.2.0_public/tools/gcc/gcc-arm-none-eabi/bin/../lib/gcc/arm-none-eabi/4.8.4/../../../../arm-none-eabi/lib/armv7e-m/fpu/libc_s.a(lib_a-assert.o) (fiprintf)
/Users/blue-mtk/Downloads/LinkIt_SDK_V4.2.0_public/tools/gcc/gcc-arm-none-eabi/bin/../lib/gcc/arm-none-eabi/4.8.4/../../../../arm-none-eabi/lib/armv7e-m/fpu/libc_s.a(lib_a-impure.o)
                              /Users/blue-mtk/Downloads/LinkIt_SDK_V4.2.0_public/tools/gcc/gcc-arm-none-eabi/bin/../lib/gcc/arm-none-eabi/4.8.4/../../../../arm-none-eabi/lib/armv7e-m/fpu/libc_s.a(lib_a-assert.o) (_impure_ptr)
/Users/blue-mtk/Downloads/LinkIt_SDK_V4.2.0_public/tools/gcc/gcc-arm-none-eabi/bin/../lib/gcc/arm-none-eabi/4.8.4/../../../../arm-none-eabi/lib/armv7e-m/fpu/libc_s.a(lib_a-memcpy-stub.o)
                              ../../../../../out/mt7687_hdk/mcs_react_native_7697/obj/bootloader/driver/chip/mt7687/src/common/flash_sfc.o (memcpy)
/Users/blue-mtk/Downloads/LinkIt_SDK_V4.2.0_public/tools/gcc/gcc-arm-none-eabi/bin/../lib/gcc/arm-none-eabi/4.8.4/../../../../arm-none-eabi/lib/armv7e-m/fpu/libc_s.a(lib_a-memset.o)
                              ../../../../../out/mt7687_hdk/mcs_react_native_7697/obj/bootloader/driver/chip/mt7687/src/hal_adc.o (memset)
/Users/blue-mtk/Downloads/LinkIt_SDK_V4.2.0_public/tools/gcc/gcc-arm-none-eabi/bin/../lib/gcc/arm-none-eabi/4.8.4/../../../../arm-none-eabi/lib/armv7e-m/fpu/libc_s.a(lib_a-vfprintf.o)
                              /Users/blue-mtk/Downloads/LinkIt_SDK_V4.2.0_public/tools/gcc/gcc-arm-none-eabi/bin/../lib/gcc/arm-none-eabi/4.8.4/../../../../arm-none-eabi/lib/armv7e-m/fpu/libc_s.a(lib_a-fprintf.o) (_vfprintf_r)
/Users/blue-mtk/Downloads/LinkIt_SDK_V4.2.0_public/tools/gcc/gcc-arm-none-eabi/bin/../lib/gcc/arm-none-eabi/4.8.4/../../../../arm-none-eabi/lib/armv7e-m/fpu/libc_s.a(lib_a-vfprintf_i.o)
                              /Users/blue-mtk/Downloads/LinkIt_SDK_V4.2.0_public/tools/gcc/gcc-arm-none-eabi/bin/../lib/gcc/arm-none-eabi/4.8.4/../../../../arm-none-eabi/lib/armv7e-m/fpu/libc_s.a(lib_a-vfprintf.o) (_printf_i)
/Users/blue-mtk/Downloads/LinkIt_SDK_V4.2.0_public/tools/gcc/gcc-arm-none-eabi/bin/../lib/gcc/arm-none-eabi/4.8.4/../../../../arm-none-eabi/lib/armv7e-m/fpu/libc_s.a(lib_a-vprintf.o)
                              ../../../../../out/mt7687_hdk/mcs_react_native_7697/obj/bootloader/driver/chip/mt7687/src/hal_log.o (vprintf)
/Users/blue-mtk/Downloads/LinkIt_SDK_V4.2.0_public/tools/gcc/gcc-arm-none-eabi/bin/../lib/gcc/arm-none-eabi/4.8.4/../../../../arm-none-eabi/lib/armv7e-m/fpu/libc_s.a(lib_a-wbuf.o)
[...]
Memory Configuration

Name             Origin             Length             Attributes
ROM_CODE         0x0000000000000000 0x0000000000005000 axr
TCMRAM           0x0000000000100000 0x0000000000010000 arw
XIP_LOADER_CODE  0x0000000010000000 0x0000000000008000 axr
XIP_CODE         0x000000001006c000 0x0000000000040000 axr
SYSRAM           0x0000000020000000 0x0000000000040000 arw
SYSRAM_DATA_BSS  0x000000002003c000 0x0000000000004000 arw
SYSRAM_MIDDLE    0x0000000020020000 0x0000000000020000 arw
XIP_SYSRAM_CODE  0x0000000030000000 0x0000000000100000 axr
*default*        0x0000000000000000 0xffffffffffffffff

Linker script and memory map

LOAD /Users/blue-mtk/Downloads/LinkIt_SDK_V4.2.0_public/tools/gcc/gcc-arm-none-eabi/bin/../lib/gcc/arm-none-eabi/4.8.4/../../../../arm-none-eabi/lib/armv7e-m/fpu/libnosys.a
                0x0000000020000000                . = ORIGIN (SYSRAM)
                0x0000000010000000                _text_lma_start = LOADADDR (.text)

.text           0x0000000020000000     0x5a80 load address 0x0000000010000000
                0x0000000020000000                _text_start = .
 *(.except_vectors)
 .except_vectors
                0x0000000020000000       0x80 ../../../../../out/mt7687_hdk/mcs_react_native_7697/obj/bootloader/driver/board/mt76x7_hdk/bootloader/src/mt7687/main.o
                0x0000000020000000                __isr_vector
 *(.reset_isr)
 .reset_isr     0x0000000020000080       0xc0 ../../../../../out/mt7687_hdk/mcs_react_native_7697/obj/bootloader/driver/board/mt76x7_hdk/bootloader/src/mt7687/main.o
                0x0000000020000080                ResetISR
 *(.text .text.*)
 .text.get_sf_lock
                0x0000000020000140       0x48 ../../../../../out/mt7687_hdk/mcs_react_native_7697/obj/bootloader/driver/chip/mt7687/src/common/flash_sfc.o
                0x0000000020000140                get_sf_lock
 .text.free_sf_lock
                0x0000000020000188       0x38 ../../../../../out/mt7687_hdk/mcs_react_native_7697/obj/bootloader/driver/chip/mt7687/src/common/flash_sfc.o
                0x0000000020000188                free_sf_lock
 .text.retrieve_sf_lock
                0x00000000200001c0        0xc ../../../../../out/mt7687_hdk/mcs_react_native_7697/obj/bootloader/driver/chip/mt7687/src/common/flash_sfc.o
                0x00000000200001c0                retrieve_sf_lock
 .text.hal_flash_direct_read
                0x00000000200001cc       0x1e ../../../../../out/mt7687_hdk/mcs_react_native_7697/obj/bootloader/driver/chip/mt7687/src/common/flash_sfc.o
                0x00000000200001cc                hal_flash_direct_read
 *fill*         0x00000000200001ea        0x2 
 .text.flash_sfc_write
                0x00000000200001ec       0x38 ../../../../../out/mt7687_hdk/mcs_react_native_7697/obj/bootloader/driver/chip/mt7687/src/common/flash_sfc.o
                0x00000000200001ec                flash_sfc_write
 .text.GPT_INT_Handler
                0x0000000020000224       0x34 ../../../../../out/mt7687_hdk/mcs_react_native_7697/obj/bootloader/driver/chip/mt7687/src/common/gpt.o
                0x0000000020000224                GPT_INT_Handler
 .text.GPT_init
                0x0000000020000258       0xb8 ../../../../../out/mt7687_hdk/mcs_react_native_7697/obj/bootloader/driver/chip/mt7687/src/common/gpt.o
                0x0000000020000258                GPT_init
 .text.GPT_return_current_count
                0x0000000020000310       0x44 ../../../../../out/mt7687_hdk/mcs_react_native_7697/obj/bootloader/driver/chip/mt7687/src/common/gpt.o
                0x0000000020000310                GPT_return_current_count
 .text.CM4_GPT2Init
                0x0000000020000354        0xa ../../../../../out/mt7687_hdk/mcs_react_native_7697/obj/bootloader/driver/chip/mt7687/src/common/gpt.o
                0x0000000020000354                CM4_GPT2Init
 .text.CM4_GPT4Init
                0x000000002000035e        0xa ../../../../../out/mt7687_hdk/mcs_react_native_7697/obj/bootloader/driver/chip/mt7687/src/common/gpt.o
                0x000000002000035e                CM4_GPT4Init
 .text.NVIC_SetupVectorTable
                0x0000000020000368       0x14 ../../../../../out/mt7687_hdk/mcs_react_native_7697/obj/bootloader/driver/chip/mt7687/src/common/nvic.o
                0x0000000020000368                NVIC_SetupVectorTable
 .text.get_current_count
                0x000000002000037c        0x6 ../../../../../out/mt7687_hdk/mcs_react_native_7697/obj/bootloader/driver/chip/mt7687/src/common/timer.o
                0x000000002000037c                get_current_count
 .text.delay_time
                0x0000000020000382       0x18 ../../../../../out/mt7687_hdk/mcs_react_native_7697/obj/bootloader/driver/chip/mt7687/src/common/timer.o
                0x0000000020000382                delay_time
 .text.get_current_gpt4_count
                0x000000002000039a        0x6 ../../../../../out/mt7687_hdk/mcs_react_native_7697/obj/bootloader/driver/chip/mt7687/src/common/timer.o
                0x000000002000039a                get_current_gpt4_count
 .text.clear_TMR_INT_status_bit
                0x00000000200003a0       0x18 ../../../../../out/mt7687_hdk/mcs_react_native_7697/obj/bootloader/driver/chip/mt7687/src/common/timer.o
                0x00000000200003a0                clear_TMR_INT_status_bit
 .text.top_xtal_init
                0x00000000200003b8       0x98 ../../../../../out/mt7687_hdk/mcs_react_native_7697/obj/bootloader/driver/chip/mt7687/src/common/top.o
                0x00000000200003b8                top_xtal_init
 .text.top_xtal_freq_get
                0x0000000020000450        0xc ../../../../../out/mt7687_hdk/mcs_react_native_7697/obj/bootloader/driver/chip/mt7687/src/common/top.o
                0x0000000020000450                top_xtal_freq_get
 .text.top_mcu_freq_get
                0x000000002000045c        0xc ../../../../../out/mt7687_hdk/mcs_react_native_7697/obj/bootloader/driver/chip/mt7687/src/common/top.o
                0x000000002000045c                top_mcu_freq_get
 .text.cmnPLL1ON
                0x0000000020000468       0x48 ../../../../../out/mt7687_hdk/mcs_react_native_7697/obj/bootloader/driver/chip/mt7687/src/common/top.o
                0x0000000020000468                cmnPLL1ON
 .text.uart_output_char
                0x00000000200004b0       0x20 ../../../../../out/mt7687_hdk/mcs_react_native_7697/obj/bootloader/driver/chip/mt7687/src/common/uart.o
                0x00000000200004b0                uart_output_char
 .text.halUART_SetFormat
                0x00000000200004d0      0x118 ../../../../../out/mt7687_hdk/mcs_react_native_7697/obj/bootloader/driver/chip/mt7687/src/common/uart.o
                0x00000000200004d0                halUART_SetFormat
 .text.halUART_HWInit
                0x00000000200005e8       0x34 ../../../../../out/mt7687_hdk/mcs_react_native_7697/obj/bootloader/driver/chip/mt7687/src/common/uart.o
                0x00000000200005e8                halUART_HWInit
 .text.uart_reset_default_value
                0x000000002000061c       0x58 ../../../../../out/mt7687_hdk/mcs_react_native_7697/obj/bootloader/driver/chip/mt7687/src/common/uart.o
                0x000000002000061c                uart_reset_default_value
 .text.log_hal_error_internal
                0x0000000020000674       0x2a ../../../../../out/mt7687_hdk/mcs_react_native_7697/obj/bootloader/driver/chip/mt7687/src/hal_log.o
                0x0000000020000674                log_hal_error_internal
 .text.log_hal_info_internal
                0x000000002000069e       0x2a ../../../../../out/mt7687_hdk/mcs_react_native_7697/obj/bootloader/driver/chip/mt7687/src/hal_log.o
                0x000000002000069e                log_hal_info_internal
 .text.hal_crypt_lock_take
                0x00000000200006c8       0x28 ../../../../../out/mt7687_hdk/mcs_react_native_7697/obj/bootloader/driver/chip/mt7687/src/hal_aes.o
                0x00000000200006c8                hal_crypt_lock_take
 .text.hal_crypt_lock_give
                0x00000000200006f0        0xc ../../../../../out/mt7687_hdk/mcs_react_native_7697/obj/bootloader/driver/chip/mt7687/src/hal_aes.o
                0x00000000200006f0                hal_crypt_lock_give
 .text.hal_cache_enable
                0x00000000200006fc       0x28 ../../../../../out/mt7687_hdk/mcs_react_native_7697/obj/bootloader/driver/chip/mt7687/src/hal_cache.o
                0x00000000200006fc                hal_cache_enable
 .text.hal_cache_disable
                0x0000000020000724       0x44 ../../../../../out/mt7687_hdk/mcs_react_native_7697/obj/bootloader/driver/chip/mt7687/src/hal_cache.o
                0x0000000020000724                hal_cache_disable
 .text.hal_cache_invalidate_all_cache_lines
                0x0000000020000768       0x34 ../../../../../out/mt7687_hdk/mcs_react_native_7697/obj/bootloader/driver/chip/mt7687/src/hal_cache.o
                0x0000000020000768                hal_cache_invalidate_all_cache_lines
 .text.hal_nvic_register_isr_handler
                0x000000002000079c       0x4c ../../../../../out/mt7687_hdk/mcs_react_native_7697/obj/bootloader/driver/chip/mt7687/src/hal_nvic.o
                0x000000002000079c                hal_nvic_register_isr_handler
 .text.hal_nvic_save_and_set_interrupt_mask
                0x00000000200007e8        0xe ../../../../../out/mt7687_hdk/mcs_react_native_7697/obj/bootloader/driver/chip/mt7687/src/hal_nvic.o
                0x00000000200007e8                hal_nvic_save_and_set_interrupt_mask
 .text.hal_nvic_restore_interrupt_mask
                0x00000000200007f6        0xa ../../../../../out/mt7687_hdk/mcs_react_native_7697/obj/bootloader/driver/chip/mt7687/src/hal_nvic.o
                0x00000000200007f6                hal_nvic_restore_interrupt_mask
 .text.hal_flash_init
                0x0000000020000800        0xc ../../../../../out/mt7687_hdk/mcs_react_native_7697/obj/bootloader/driver/chip/mt7687/src/hal_flash.o
                0x0000000020000800                hal_flash_init
 .text.hal_flash_erase
                0x000000002000080c        0xa ../../../../../out/mt7687_hdk/mcs_react_native_7697/obj/bootloader/driver/chip/mt7687/src/hal_flash.o
                0x000000002000080c                hal_flash_erase
 .text.hal_flash_read
                0x0000000020000816        0xe ../../../../../out/mt7687_hdk/mcs_react_native_7697/obj/bootloader/driver/chip/mt7687/src/hal_flash.o
                0x0000000020000816                hal_flash_read
 .text.hal_flash_write
                0x0000000020000824       0x10 ../../../../../out/mt7687_hdk/mcs_react_native_7697/obj/bootloader/driver/chip/mt7687/src/hal_flash.o
                0x0000000020000824                hal_flash_write
 .text.hal_gpt_get_free_run_count
                0x0000000020000834       0x98 ../../../../../out/mt7687_hdk/mcs_react_native_7697/obj/bootloader/driver/chip/mt7687/src/hal_gpt.o
                0x0000000020000834                hal_gpt_get_free_run_count
 .text.hal_sha1_init
                0x00000000200008cc       0x1a ../../../../../out/mt7687_hdk/mcs_react_native_7697/obj/bootloader/driver/chip/mt7687/src/hal_sha.o
                0x00000000200008cc                hal_sha1_init
 *fill*         0x00000000200008e6        0x2 
 .text.hal_sha1_append
                0x00000000200008e8       0x6c ../../../../../out/mt7687_hdk/mcs_react_native_7697/obj/bootloader/driver/chip/mt7687/src/hal_sha.o
                0x00000000200008e8                hal_sha1_append
 .text.hal_sha1_end
                0x0000000020000954       0x1e ../../../../../out/mt7687_hdk/mcs_react_native_7697/obj/bootloader/driver/chip/mt7687/src/hal_sha.o
                0x0000000020000954                hal_sha1_end
 .text.hal_uart_is_config_valid
                0x0000000020000972       0x2c ../../../../../out/mt7687_hdk/mcs_react_native_7697/obj/bootloader/driver/chip/mt7687/src/hal_uart.o
 .text.hal_uart_put_char
                0x000000002000099e        0xc ../../../../../out/mt7687_hdk/mcs_react_native_7697/obj/bootloader/driver/chip/mt7687/src/hal_uart.o
                0x000000002000099e                hal_uart_put_char
 *fill*         0x00000000200009aa        0x2 
 .text.hal_uart_set_format
                0x00000000200009ac       0xb8 ../../../../../out/mt7687_hdk/mcs_react_native_7697/obj/bootloader/driver/chip/mt7687/src/hal_uart.o
                0x00000000200009ac                hal_uart_set_format
 .text.hal_uart_init
                0x0000000020000a64       0x64 ../../../../../out/mt7687_hdk/mcs_react_native_7697/obj/bootloader/driver/chip/mt7687/src/hal_uart.o
                0x0000000020000a64                hal_uart_init
 .text.customer_flash_suspend_bit
                0x0000000020000ac8        0x4 ../../../../../out/mt7687_hdk/mcs_react_native_7697/obj/bootloader/driver/board/mt76x7_hdk/external_flash/src/bsp_flash_config.o
                0x0000000020000ac8                customer_flash_suspend_bit
 .text.customer_switch_spi_mode_command
                0x0000000020000acc        0x8 ../../../../../out/mt7687_hdk/mcs_react_native_7697/obj/bootloader/driver/board/mt76x7_hdk/external_flash/src/bsp_flash_config.o
                0x0000000020000acc                customer_switch_spi_mode_command
 .text.customer_switch_spiq_mode_command
                0x0000000020000ad4        0x8 ../../../../../out/mt7687_hdk/mcs_react_native_7697/obj/bootloader/driver/board/mt76x7_hdk/external_flash/src/bsp_flash_config.o
                0x0000000020000ad4                customer_switch_spiq_mode_command
 .text.customer_flash_read_SR2_comand
                0x0000000020000adc        0x4 ../../../../../out/mt7687_hdk/mcs_react_native_7697/obj/bootloader/driver/board/mt76x7_hdk/external_flash/src/bsp_flash_config.o
                0x0000000020000adc                customer_flash_read_SR2_comand
 .text.customer_flash_register
                0x0000000020000ae0        0x4 ../../../../../out/mt7687_hdk/mcs_react_native_7697/obj/bootloader/driver/board/mt76x7_hdk/external_flash/src/bsp_flash_config.o
                0x0000000020000ae0                customer_flash_register
 .text.gpio_mode_init
                0x0000000020000ae4       0x40 ../../../../../out/mt7687_hdk/mcs_react_native_7697/obj/bootloader/driver/board/mt76x7_hdk/ept/src/bsp_gpio_ept_config.o
                0x0000000020000ae4                gpio_mode_init
 .text.gpio_oe_init
                0x0000000020000b24       0x1c ../../../../../out/mt7687_hdk/mcs_react_native_7697/obj/bootloader/driver/board/mt76x7_hdk/ept/src/bsp_gpio_ept_config.o
                0x0000000020000b24                gpio_oe_init
 .text.gpio_ies_init
                0x0000000020000b40       0xc0 ../../../../../out/mt7687_hdk/mcs_react_native_7697/obj/bootloader/driver/board/mt76x7_hdk/ept/src/bsp_gpio_ept_config.o
                0x0000000020000b40                gpio_ies_init
 .text.gpio_pull_up_init
                0x0000000020000c00       0x4c ../../../../../out/mt7687_hdk/mcs_react_native_7697/obj/bootloader/driver/board/mt76x7_hdk/ept/src/bsp_gpio_ept_config.o
                0x0000000020000c00                gpio_pull_up_init
 .text.gpio_pull_down_init
                0x0000000020000c4c       0x20 ../../../../../out/mt7687_hdk/mcs_react_native_7697/obj/bootloader/driver/board/mt76x7_hdk/ept/src/bsp_gpio_ept_config.o
                0x0000000020000c4c                gpio_pull_down_init
 .text.gpio_output_init
                0x0000000020000c6c       0x18 ../../../../../out/mt7687_hdk/mcs_react_native_7697/obj/bootloader/driver/board/mt76x7_hdk/ept/src/bsp_gpio_ept_config.o
                0x0000000020000c6c                gpio_output_init
 .text.bsp_ept_gpio_setting_init
                0x0000000020000c84       0x1e ../../../../../out/mt7687_hdk/mcs_react_native_7697/obj/bootloader/driver/board/mt76x7_hdk/ept/src/bsp_gpio_ept_config.o
                0x0000000020000c84                bsp_ept_gpio_setting_init
 .text.NMIISR   0x0000000020000ca2        0x2 ../../../../../out/mt7687_hdk/mcs_react_native_7697/obj/bootloader/driver/board/mt76x7_hdk/bootloader/src/mt7687/main.o
                0x0000000020000ca2                NMIISR
 .text.FaultISR
                0x0000000020000ca4        0x2 ../../../../../out/mt7687_hdk/mcs_react_native_7697/obj/bootloader/driver/board/mt76x7_hdk/bootloader/src/mt7687/main.o
                0x0000000020000ca4                FaultISR
 .text.ExpDefHandler
                0x0000000020000ca6        0x2 ../../../../../out/mt7687_hdk/mcs_react_native_7697/obj/bootloader/driver/board/mt76x7_hdk/bootloader/src/mt7687/main.o
                0x0000000020000ca6                ExpDefHandler
 .text.startup.main
                0x0000000020000ca8       0xe0 ../../../../../out/mt7687_hdk/mcs_react_native_7697/obj/bootloader/driver/board/mt76x7_hdk/bootloader/src/mt7687/main.o
                0x0000000020000ca8                main
 .text.bl_itoa  0x0000000020000d88       0x60 ../../../../../out/mt7687_hdk/mcs_react_native_7697/obj/bootloader/driver/board/mt76x7_hdk/bootloader/src/mt7687/hw_uart.o
 .text.bl_print_internal
                0x0000000020000de8      0x1c0 ../../../../../out/mt7687_hdk/mcs_react_native_7697/obj/bootloader/driver/board/mt76x7_hdk/bootloader/src/mt7687/hw_uart.o
                0x0000000020000de8                bl_print_internal
 .text.hw_uart_init
                0x0000000020000fa8       0x1c ../../../../../out/mt7687_hdk/mcs_react_native_7697/obj/bootloader/driver/board/mt76x7_hdk/bootloader/src/mt7687/hw_uart.o
                0x0000000020000fa8                hw_uart_init
 .text.hw_uart_puts
                0x0000000020000fc4       0x26 ../../../../../out/mt7687_hdk/mcs_react_native_7697/obj/bootloader/driver/board/mt76x7_hdk/bootloader/src/mt7687/hw_uart.o
                0x0000000020000fc4                hw_uart_puts
 .text.hw_uart_printf
                0x0000000020000fea       0x1a ../../../../../out/mt7687_hdk/mcs_react_native_7697/obj/bootloader/driver/board/mt76x7_hdk/bootloader/src/mt7687/hw_uart.o
                0x0000000020000fea                hw_uart_printf
 .text._fota_find_partition
                0x0000000020001004       0x28 ../../../../../out/mt7687_hdk/mcs_react_native_7697/obj/bootloader/middleware/MTK/fota/src/76x7/fota_76x7.o
 .text._bl_free
                0x000000002000102c        0xc ../../../../../out/mt7687_hdk/mcs_react_native_7697/obj/bootloader/middleware/MTK/fota/src/76x7/fota_76x7.o
                0x000000002000102c                _bl_free
 .text._bl_alloc
                0x0000000020001038       0x74 ../../../../../out/mt7687_hdk/mcs_react_native_7697/obj/bootloader/middleware/MTK/fota/src/76x7/fota_76x7.o
                0x0000000020001038                _bl_alloc
 .text._fota_erase_final_block
                0x00000000200010ac       0x64 ../../../../../out/mt7687_hdk/mcs_react_native_7697/obj/bootloader/middleware/MTK/fota/src/76x7/fota_76x7.o
 .text.fota_init
                0x0000000020001110       0x50 ../../../../../out/mt7687_hdk/mcs_react_native_7697/obj/bootloader/middleware/MTK/fota/src/76x7/fota_76x7.o
                0x0000000020001110                fota_init
 .text.fota_seek
                0x0000000020001160       0x2c ../../../../../out/mt7687_hdk/mcs_react_native_7697/obj/bootloader/middleware/MTK/fota/src/76x7/fota_76x7.o
                0x0000000020001160                fota_seek
 .text.fota_read
                0x000000002000118c       0x64 ../../../../../out/mt7687_hdk/mcs_react_native_7697/obj/bootloader/middleware/MTK/fota/src/76x7/fota_76x7.o
                0x000000002000118c                fota_read
 .text._fota_check_updating_marker
                0x00000000200011f0       0x80 ../../../../../out/mt7687_hdk/mcs_react_native_7697/obj/bootloader/middleware/MTK/fota/src/76x7/fota_76x7.o
 .text.fota_is_empty
                0x0000000020001270       0xb0 ../../../../../out/mt7687_hdk/mcs_react_native_7697/obj/bootloader/middleware/MTK/fota/src/76x7/fota_76x7.o
                0x0000000020001270                fota_is_empty
 .text._fota_parse_header
                0x0000000020001320      0x1e0 ../../../../../out/mt7687_hdk/mcs_react_native_7697/obj/bootloader/middleware/MTK/fota/src/76x7/fota_76x7.o
 .text._fota_integrity_check
                0x0000000020001500      0x1f0 ../../../../../out/mt7687_hdk/mcs_react_native_7697/obj/bootloader/middleware/MTK/fota/src/76x7/fota_76x7.o
 .text.fota_write
                0x00000000200016f0       0xc4 ../../../../../out/mt7687_hdk/mcs_react_native_7697/obj/bootloader/middleware/MTK/fota/src/76x7/fota_76x7.o
                0x00000000200016f0                fota_write
 .text._fota_write_update_status
                0x00000000200017b4       0x64 ../../../../../out/mt7687_hdk/mcs_react_native_7697/obj/bootloader/middleware/MTK/fota/src/76x7/fota_76x7.o
 .text._fota_uncompress_update
                0x0000000020001818       0xf8 ../../../../../out/mt7687_hdk/mcs_react_native_7697/obj/bootloader/middleware/MTK/fota/src/76x7/fota_76x7.o
                0x0000000020001818                _fota_uncompress_update
 .text._fota_compress_update
                0x0000000020001910       0xc4 ../../../../../out/mt7687_hdk/mcs_react_native_7697/obj/bootloader/middleware/MTK/fota/src/76x7/fota_76x7.o
                0x0000000020001910                _fota_compress_update
 .text.fota_copy
                0x00000000200019d4      0x15c ../../../../../out/mt7687_hdk/mcs_react_native_7697/obj/bootloader/middleware/MTK/fota/src/76x7/fota_76x7.o
                0x00000000200019d4                fota_copy
 .text.fota_port_isr_disable
                0x0000000020001b30        0x4 ../../../../../out/mt7687_hdk/mcs_react_native_7697/obj/bootloader/middleware/MTK/fota/src/76x7/fota_port.o
                0x0000000020001b30                fota_port_isr_disable
 .text.fota_port_isr_enable
                0x0000000020001b34        0x4 ../../../../../out/mt7687_hdk/mcs_react_native_7697/obj/bootloader/middleware/MTK/fota/src/76x7/fota_port.o
                0x0000000020001b34                fota_port_isr_enable
 .text.SysTick_Set
                0x0000000020001b38       0x28 ../../../../../out/mt7687_hdk/mcs_react_native_7697/obj/bootloader/project/mt7687_hdk/apps/bootloader/src/system_mt7687.o
                0x0000000020001b38                SysTick_Set
 .text.SystemCoreClockUpdate
                0x0000000020001b60       0x10 ../../../../../out/mt7687_hdk/mcs_react_native_7697/obj/bootloader/project/mt7687_hdk/apps/bootloader/src/system_mt7687.o
                0x0000000020001b60                SystemCoreClockUpdate
 .text.printf   0x0000000020001b70       0x14 ../../../../../out/mt7687_hdk/mcs_react_native_7697/obj/bootloader/project/mt7687_hdk/apps/bootloader/GCC/syscalls.o
                0x0000000020001b70                printf
 .text._close   0x0000000020001b84        0x4 ../../../../../out/mt7687_hdk/mcs_react_native_7697/obj/bootloader/project/mt7687_hdk/apps/bootloader/GCC/syscalls.o
                0x0000000020001b84                _close
 .text._fstat   0x0000000020001b88        0x4 ../../../../../out/mt7687_hdk/mcs_react_native_7697/obj/bootloader/project/mt7687_hdk/apps/bootloader/GCC/syscalls.o
                0x0000000020001b88                _fstat
 .text._isatty  0x0000000020001b8c        0x4 ../../../../../out/mt7687_hdk/mcs_react_native_7697/obj/bootloader/project/mt7687_hdk/apps/bootloader/GCC/syscalls.o
                0x0000000020001b8c                _isatty
 .text._lseek   0x0000000020001b90        0x4 ../../../../../out/mt7687_hdk/mcs_react_native_7697/obj/bootloader/project/mt7687_hdk/apps/bootloader/GCC/syscalls.o
                0x0000000020001b90                _lseek
 .text._read    0x0000000020001b94        0x4 ../../../../../out/mt7687_hdk/mcs_react_native_7697/obj/bootloader/project/mt7687_hdk/apps/bootloader/GCC/syscalls.o
                0x0000000020001b94                _read
 .text._sbrk_r  0x0000000020001b98       0x28 ../../../../../out/mt7687_hdk/mcs_react_native_7697/obj/bootloader/project/mt7687_hdk/apps/bootloader/GCC/syscalls.o
                0x0000000020001b98                _sbrk_r
 .text._write   0x0000000020001bc0       0x1a ../../../../../out/mt7687_hdk/mcs_react_native_7697/obj/bootloader/project/mt7687_hdk/apps/bootloader/GCC/syscalls.o
                0x0000000020001bc0                _write
 .text._getpid  0x0000000020001bda        0x4 ../../../../../out/mt7687_hdk/mcs_react_native_7697/obj/bootloader/project/mt7687_hdk/apps/bootloader/GCC/syscalls.o
                0x0000000020001bda                _getpid
 .text._exit    0x0000000020001bde        0x2 ../../../../../out/mt7687_hdk/mcs_react_native_7697/obj/bootloader/project/mt7687_hdk/apps/bootloader/GCC/syscalls.o
                0x0000000020001bde                _exit
 .text._kill    0x0000000020001be0        0x6 ../../../../../out/mt7687_hdk/mcs_react_native_7697/obj/bootloader/project/mt7687_hdk/apps/bootloader/GCC/syscalls.o
                0x0000000020001be0                _kill
 *fill*         0x0000000020001be6        0x2 
 .text.lzma_decode2flash
                0x0000000020001be8      0x2dc ../../../../../out/mt7687_hdk/mcs_react_native_7697/obj/bootloader/middleware/third_party/lzma_decoder/src/lzma_decode_interface.o
                0x0000000020001be8                lzma_decode2flash
 .text.LzmaDec_WriteRem
                0x0000000020001ec4       0x5a ../../../../../out/mt7687_hdk/mcs_react_native_7697/obj/bootloader/middleware/third_party/lzma_decoder/src/lzma_decoder.o
 .text.LzmaDec_DecodeReal2
                0x0000000020001f1e      0xf28 ../../../../../out/mt7687_hdk/mcs_react_native_7697/obj/bootloader/middleware/third_party/lzma_decoder/src/lzma_decoder.o
 .text.LzmaDec_TryDummy
                0x0000000020002e46      0x414 ../../../../../out/mt7687_hdk/mcs_react_native_7697/obj/bootloader/middleware/third_party/lzma_decoder/src/lzma_decoder.o
 .text.LzmaDec_Init
                0x000000002000325a       0x14 ../../../../../out/mt7687_hdk/mcs_react_native_7697/obj/bootloader/middleware/third_party/lzma_decoder/src/lzma_decoder.o
                0x000000002000325a                LzmaDec_Init
 .text.LzmaDec_DecodeToDic
                0x000000002000326e      0x238 ../../../../../out/mt7687_hdk/mcs_react_native_7697/obj/bootloader/middleware/third_party/lzma_decoder/src/lzma_decoder.o
                0x000000002000326e                LzmaDec_DecodeToDic
 .text.LzmaDec_DecodeToBuf
                0x00000000200034a6       0xa6 ../../../../../out/mt7687_hdk/mcs_react_native_7697/obj/bootloader/middleware/third_party/lzma_decoder/src/lzma_decoder.o
                0x00000000200034a6                LzmaDec_DecodeToBuf
 .text.LzmaDec_FreeProbs
                0x000000002000354c       0x12 ../../../../../out/mt7687_hdk/mcs_react_native_7697/obj/bootloader/middleware/third_party/lzma_decoder/src/lzma_decoder.o
                0x000000002000354c                LzmaDec_FreeProbs
 .text.LzmaDec_AllocateProbs2
                0x000000002000355e       0x44 ../../../../../out/mt7687_hdk/mcs_react_native_7697/obj/bootloader/middleware/third_party/lzma_decoder/src/lzma_decoder.o
 .text.LzmaDec_Free
                0x00000000200035a2       0x18 ../../../../../out/mt7687_hdk/mcs_react_native_7697/obj/bootloader/middleware/third_party/lzma_decoder/src/lzma_decoder.o
                0x00000000200035a2                LzmaDec_Free
 .text.LzmaProps_Decode
                0x00000000200035ba       0x56 ../../../../../out/mt7687_hdk/mcs_react_native_7697/obj/bootloader/middleware/third_party/lzma_decoder/src/lzma_decoder.o
                0x00000000200035ba                LzmaProps_Decode
 .text.LzmaDec_Allocate
                0x0000000020003610       0x8c ../../../../../out/mt7687_hdk/mcs_react_native_7697/obj/bootloader/middleware/third_party/lzma_decoder/src/lzma_decoder.o
                0x0000000020003610                LzmaDec_Allocate
 .text.crypt_sha_init
                0x000000002000369c       0x70 ../../../../../driver/chip/mt7687/lib/libhal_protected_CM4_GCC.a(crypt_sha.o)
                0x000000002000369c                crypt_sha_init
 .text.crypt_sha_hash
                0x000000002000370c      0x18c ../../../../../driver/chip/mt7687/lib/libhal_protected_CM4_GCC.a(crypt_sha.o)
                0x000000002000370c                crypt_sha_hash
 .text.crypt_sha_append
                0x0000000020003898       0xb4 ../../../../../driver/chip/mt7687/lib/libhal_protected_CM4_GCC.a(crypt_sha.o)
                0x0000000020003898                crypt_sha_append
 .text.crypt_sha_end
                0x000000002000394c      0x14c ../../../../../driver/chip/mt7687/lib/libhal_protected_CM4_GCC.a(crypt_sha.o)
                0x000000002000394c                crypt_sha_end
 .text          0x0000000020003a98      0x21c /Users/blue-mtk/Downloads/LinkIt_SDK_V4.2.0_public/tools/gcc/gcc-arm-none-eabi/bin/../lib/gcc/arm-none-eabi/4.8.4/armv7e-m/fpu/libgcc.a(_arm_addsubsf3.o)
                0x0000000020003a98                __aeabi_frsub
                0x0000000020003aa0                __aeabi_fsub
                0x0000000020003aa0                __subsf3
                0x0000000020003aa4                __aeabi_fadd
                0x0000000020003aa4                __addsf3
                0x0000000020003c04                __aeabi_ui2f
                0x0000000020003c04                __floatunsisf
                0x0000000020003c0c                __floatsisf
                0x0000000020003c0c                __aeabi_i2f
                0x0000000020003c28                __aeabi_ul2f
                0x0000000020003c28                __floatundisf
                0x0000000020003c38                __aeabi_l2f
                0x0000000020003c38                __floatdisf
 .text.__assert_func
                0x0000000020003cb4       0x38 /Users/blue-mtk/Downloads/LinkIt_SDK_V4.2.0_public/tools/gcc/gcc-arm-none-eabi/bin/../lib/gcc/arm-none-eabi/4.8.4/../../../../arm-none-eabi/lib/armv7e-m/fpu/libc_s.a(lib_a-assert.o)
                0x0000000020003cb4                __assert_func
 .text.fprintf  0x0000000020003cec       0x24 /Users/blue-mtk/Downloads/LinkIt_SDK_V4.2.0_public/tools/gcc/gcc-arm-none-eabi/bin/../lib/gcc/arm-none-eabi/4.8.4/../../../../arm-none-eabi/lib/armv7e-m/fpu/libc_s.a(lib_a-fprintf.o)
                0x0000000020003cec                fprintf
                0x0000000020003cec                fiprintf
 .text.memcpy   0x0000000020003d10       0x12 /Users/blue-mtk/Downloads/LinkIt_SDK_V4.2.0_public/tools/gcc/gcc-arm-none-eabi/bin/../lib/gcc/arm-none-eabi/4.8.4/../../../../arm-none-eabi/lib/armv7e-m/fpu/libc_s.a(lib_a-memcpy-stub.o)
                0x0000000020003d10                memcpy
 .text.memset   0x0000000020003d22       0x10 /Users/blue-mtk/Downloads/LinkIt_SDK_V4.2.0_public/tools/gcc/gcc-arm-none-eabi/bin/../lib/gcc/arm-none-eabi/4.8.4/../../../../arm-none-eabi/lib/armv7e-m/fpu/libc_s.a(lib_a-memset.o)
                0x0000000020003d22                memset
 .text.__sfputc_r
                0x0000000020003d32       0x2c /Users/blue-mtk/Downloads/LinkIt_SDK_V4.2.0_public/tools/gcc/gcc-arm-none-eabi/bin/../lib/gcc/arm-none-eabi/4.8.4/../../../../arm-none-eabi/lib/armv7e-m/fpu/libc_s.a(lib_a-vfprintf.o)
 .text.__sfputs_r
                0x0000000020003d5e       0x24 /Users/blue-mtk/Downloads/LinkIt_SDK_V4.2.0_public/tools/gcc/gcc-arm-none-eabi/bin/../lib/gcc/arm-none-eabi/4.8.4/../../../../arm-none-eabi/lib/armv7e-m/fpu/libc_s.a(lib_a-vfprintf.o)
                0x0000000020003d5e                __sfputs_r
 *fill*         0x0000000020003d82        0x2 
 .text._vfprintf_r
                0x0000000020003d84      0x208 /Users/blue-mtk/Downloads/LinkIt_SDK_V4.2.0_public/tools/gcc/gcc-arm-none-eabi/bin/../lib/gcc/arm-none-eabi/4.8.4/../../../../arm-none-eabi/lib/armv7e-m/fpu/libc_s.a(lib_a-vfprintf.o)
                0x0000000020003d84                _vfiprintf_r
                0x0000000020003d84                _vfprintf_r
 .text._printf_common
                0x0000000020003f8c       0xe4 /Users/blue-mtk/Downloads/LinkIt_SDK_V4.2.0_public/tools/gcc/gcc-arm-none-eabi/bin/../lib/gcc/arm-none-eabi/4.8.4/../../../../arm-none-eabi/lib/armv7e-m/fpu/libc_s.a(lib_a-vfprintf_i.o)
                0x0000000020003f8c                _printf_common
 .text._printf_i
                0x0000000020004070      0x228 /Users/blue-mtk/Downloads/LinkIt_SDK_V4.2.0_public/tools/gcc/gcc-arm-none-eabi/bin/../lib/gcc/arm-none-eabi/4.8.4/../../../../arm-none-eabi/lib/armv7e-m/fpu/libc_s.a(lib_a-vfprintf_i.o)
                0x0000000020004070                _printf_i
 .text.vprintf  0x0000000020004298       0x2c /Users/blue-mtk/Downloads/LinkIt_SDK_V4.2.0_public/tools/gcc/gcc-arm-none-eabi/bin/../lib/gcc/arm-none-eabi/4.8.4/../../../../arm-none-eabi/lib/armv7e-m/fpu/libc_s.a(lib_a-vprintf.o)
                0x0000000020004298                vprintf
                0x0000000020004298                viprintf
 .text.__swbuf_r
                0x00000000200042c4       0xa8 /Users/blue-mtk/Downloads/LinkIt_SDK_V4.2.0_public/tools/gcc/gcc-arm-none-eabi/bin/../lib/gcc/arm-none-eabi/4.8.4/../../../../arm-none-eabi/lib/armv7e-m/fpu/libc_s.a(lib_a-wbuf.o)
                0x00000000200042c4                __swbuf_r
 .text.__swsetup_r
                0x000000002000436c       0xdc /Users/blue-mtk/Downloads/LinkIt_SDK_V4.2.0_public/tools/gcc/gcc-arm-none-eabi/bin/../lib/gcc/arm-none-eabi/4.8.4/../../../../arm-none-eabi/lib/armv7e-m/fpu/libc_s.a(lib_a-wsetup.o)
                0x000000002000436c                __swsetup_r
 .text.abort    0x0000000020004448        0xe /Users/blue-mtk/Downloads/LinkIt_SDK_V4.2.0_public/tools/gcc/gcc-arm-none-eabi/bin/../lib/gcc/arm-none-eabi/4.8.4/../../../../arm-none-eabi/lib/armv7e-m/fpu/libc_s.a(lib_a-abort.o)
                0x0000000020004448                abort
 .text.__sflush_r
                0x0000000020004456      0x106 /Users/blue-mtk/Downloads/LinkIt_SDK_V4.2.0_public/tools/gcc/gcc-arm-none-eabi/bin/../lib/gcc/arm-none-eabi/4.8.4/../../../../arm-none-eabi/lib/armv7e-m/fpu/libc_s.a(lib_a-fflush.o)
                0x0000000020004456                __sflush_r
 .text._fflush_r
                0x000000002000455c       0x54 /Users/blue-mtk/Downloads/LinkIt_SDK_V4.2.0_public/tools/gcc/gcc-arm-none-eabi/bin/../lib/gcc/arm-none-eabi/4.8.4/../../../../arm-none-eabi/lib/armv7e-m/fpu/libc_s.a(lib_a-fflush.o)
                0x000000002000455c                _fflush_r
 .text._cleanup_r
                0x00000000200045b0       0x32 /Users/blue-mtk/Downloads/LinkIt_SDK_V4.2.0_public/tools/gcc/gcc-arm-none-eabi/bin/../lib/gcc/arm-none-eabi/4.8.4/../../../../arm-none-eabi/lib/armv7e-m/fpu/libc_s.a(lib_a-findfp.o)
                0x00000000200045b0                _cleanup_r
 *fill*         0x00000000200045e2        0x2 
 .text.std.isra.0
                0x00000000200045e4       0x48 /Users/blue-mtk/Downloads/LinkIt_SDK_V4.2.0_public/tools/gcc/gcc-arm-none-eabi/bin/../lib/gcc/arm-none-eabi/4.8.4/../../../../arm-none-eabi/lib/armv7e-m/fpu/libc_s.a(lib_a-findfp.o)
 .text.__sfmoreglue
                0x000000002000462c       0x2c /Users/blue-mtk/Downloads/LinkIt_SDK_V4.2.0_public/tools/gcc/gcc-arm-none-eabi/bin/../lib/gcc/arm-none-eabi/4.8.4/../../../../arm-none-eabi/lib/armv7e-m/fpu/libc_s.a(lib_a-findfp.o)
                0x000000002000462c                __sfmoreglue
 .text.__sinit  0x0000000020004658       0x60 /Users/blue-mtk/Downloads/LinkIt_SDK_V4.2.0_public/tools/gcc/gcc-arm-none-eabi/bin/../lib/gcc/arm-none-eabi/4.8.4/../../../../arm-none-eabi/lib/armv7e-m/fpu/libc_s.a(lib_a-findfp.o)
                0x0000000020004658                __sinit
 .text.__sfp    0x00000000200046b8       0x74 /Users/blue-mtk/Downloads/LinkIt_SDK_V4.2.0_public/tools/gcc/gcc-arm-none-eabi/bin/../lib/gcc/arm-none-eabi/4.8.4/../../../../arm-none-eabi/lib/armv7e-m/fpu/libc_s.a(lib_a-findfp.o)
                0x00000000200046b8                __sfp
 .text.__smakebuf_r
                0x000000002000472c       0x9c /Users/blue-mtk/Downloads/LinkIt_SDK_V4.2.0_public/tools/gcc/gcc-arm-none-eabi/bin/../lib/gcc/arm-none-eabi/4.8.4/../../../../arm-none-eabi/lib/armv7e-m/fpu/libc_s.a(lib_a-makebuf.o)
                0x000000002000472c                __smakebuf_r
 .text.memchr   0x00000000200047c8       0x1e /Users/blue-mtk/Downloads/LinkIt_SDK_V4.2.0_public/tools/gcc/gcc-arm-none-eabi/bin/../lib/gcc/arm-none-eabi/4.8.4/../../../../arm-none-eabi/lib/armv7e-m/fpu/libc_s.a(lib_a-memchr-stub.o)
                0x00000000200047c8                memchr
 *fill*         0x00000000200047e6        0x2 
 .text._free_r  0x00000000200047e8       0x88 /Users/blue-mtk/Downloads/LinkIt_SDK_V4.2.0_public/tools/gcc/gcc-arm-none-eabi/bin/../lib/gcc/arm-none-eabi/4.8.4/../../../../arm-none-eabi/lib/armv7e-m/fpu/libc_s.a(lib_a-nano-freer.o)
                0x00000000200047e8                _free_r
 .text._malloc_r
                0x0000000020004870       0xa8 /Users/blue-mtk/Downloads/LinkIt_SDK_V4.2.0_public/tools/gcc/gcc-arm-none-eabi/bin/../lib/gcc/arm-none-eabi/4.8.4/../../../../arm-none-eabi/lib/armv7e-m/fpu/libc_s.a(lib_a-nano-mallocr.o)
                0x0000000020004870                _malloc_r
 .text._raise_r
                0x0000000020004918       0x50 /Users/blue-mtk/Downloads/LinkIt_SDK_V4.2.0_public/tools/gcc/gcc-arm-none-eabi/bin/../lib/gcc/arm-none-eabi/4.8.4/../../../../arm-none-eabi/lib/armv7e-m/fpu/libc_s.a(lib_a-signal.o)
                0x0000000020004918                _raise_r
 .text.raise    0x0000000020004968       0x10 /Users/blue-mtk/Downloads/LinkIt_SDK_V4.2.0_public/tools/gcc/gcc-arm-none-eabi/bin/../lib/gcc/arm-none-eabi/4.8.4/../../../../arm-none-eabi/lib/armv7e-m/fpu/libc_s.a(lib_a-signal.o)
                0x0000000020004968                raise
 .text._kill_r  0x0000000020004978       0x24 /Users/blue-mtk/Downloads/LinkIt_SDK_V4.2.0_public/tools/gcc/gcc-arm-none-eabi/bin/../lib/gcc/arm-none-eabi/4.8.4/../../../../arm-none-eabi/lib/armv7e-m/fpu/libc_s.a(lib_a-signalr.o)
                0x0000000020004978                _kill_r
 .text._getpid_r
                0x000000002000499c        0x4 /Users/blue-mtk/Downloads/LinkIt_SDK_V4.2.0_public/tools/gcc/gcc-arm-none-eabi/bin/../lib/gcc/arm-none-eabi/4.8.4/../../../../arm-none-eabi/lib/armv7e-m/fpu/libc_s.a(lib_a-signalr.o)
                0x000000002000499c                _getpid_r
 .text.__sread  0x00000000200049a0       0x22 /Users/blue-mtk/Downloads/LinkIt_SDK_V4.2.0_public/tools/gcc/gcc-arm-none-eabi/bin/../lib/gcc/arm-none-eabi/4.8.4/../../../../arm-none-eabi/lib/armv7e-m/fpu/libc_s.a(lib_a-stdio.o)
                0x00000000200049a0                __sread
 .text.__swrite
                0x00000000200049c2       0x38 /Users/blue-mtk/Downloads/LinkIt_SDK_V4.2.0_public/tools/gcc/gcc-arm-none-eabi/bin/../lib/gcc/arm-none-eabi/4.8.4/../../../../arm-none-eabi/lib/armv7e-m/fpu/libc_s.a(lib_a-stdio.o)
                0x00000000200049c2                __swrite
 .text.__sseek  0x00000000200049fa       0x24 /Users/blue-mtk/Downloads/LinkIt_SDK_V4.2.0_public/tools/gcc/gcc-arm-none-eabi/bin/../lib/gcc/arm-none-eabi/4.8.4/../../../../arm-none-eabi/lib/armv7e-m/fpu/libc_s.a(lib_a-stdio.o)
                0x00000000200049fa                __sseek
 .text.__sclose
                0x0000000020004a1e        0x8 /Users/blue-mtk/Downloads/LinkIt_SDK_V4.2.0_public/tools/gcc/gcc-arm-none-eabi/bin/../lib/gcc/arm-none-eabi/4.8.4/../../../../arm-none-eabi/lib/armv7e-m/fpu/libc_s.a(lib_a-stdio.o)
                0x0000000020004a1e                __sclose
 .text.strlen   0x0000000020004a26       0x10 /Users/blue-mtk/Downloads/LinkIt_SDK_V4.2.0_public/tools/gcc/gcc-arm-none-eabi/bin/../lib/gcc/arm-none-eabi/4.8.4/../../../../arm-none-eabi/lib/armv7e-m/fpu/libc_s.a(lib_a-strlen.o)
                0x0000000020004a26                strlen
 *fill*         0x0000000020004a36        0x2 
 .text._write_r
                0x0000000020004a38       0x24 /Users/blue-mtk/Downloads/LinkIt_SDK_V4.2.0_public/tools/gcc/gcc-arm-none-eabi/bin/../lib/gcc/arm-none-eabi/4.8.4/../../../../arm-none-eabi/lib/armv7e-m/fpu/libc_s.a(lib_a-writer.o)
                0x0000000020004a38                _write_r
 .text._close_r
                0x0000000020004a5c       0x20 /Users/blue-mtk/Downloads/LinkIt_SDK_V4.2.0_public/tools/gcc/gcc-arm-none-eabi/bin/../lib/gcc/arm-none-eabi/4.8.4/../../../../arm-none-eabi/lib/armv7e-m/fpu/libc_s.a(lib_a-closer.o)
                0x0000000020004a5c                _close_r
 .text._fstat_r
                0x0000000020004a7c       0x24 /Users/blue-mtk/Downloads/LinkIt_SDK_V4.2.0_public/tools/gcc/gcc-arm-none-eabi/bin/../lib/gcc/arm-none-eabi/4.8.4/../../../../arm-none-eabi/lib/armv7e-m/fpu/libc_s.a(lib_a-fstatr.o)
                0x0000000020004a7c                _fstat_r
 .text._isatty_r
                0x0000000020004aa0       0x20 /Users/blue-mtk/Downloads/LinkIt_SDK_V4.2.0_public/tools/gcc/gcc-arm-none-eabi/bin/../lib/gcc/arm-none-eabi/4.8.4/../../../../arm-none-eabi/lib/armv7e-m/fpu/libc_s.a(lib_a-isattyr.o)
                0x0000000020004aa0                _isatty_r
 .text._lseek_r
                0x0000000020004ac0       0x24 /Users/blue-mtk/Downloads/LinkIt_SDK_V4.2.0_public/tools/gcc/gcc-arm-none-eabi/bin/../lib/gcc/arm-none-eabi/4.8.4/../../../../arm-none-eabi/lib/armv7e-m/fpu/libc_s.a(lib_a-lseekr.o)
                0x0000000020004ac0                _lseek_r
 .text._read_r  0x0000000020004ae4       0x24 /Users/blue-mtk/Downloads/LinkIt_SDK_V4.2.0_public/tools/gcc/gcc-arm-none-eabi/bin/../lib/gcc/arm-none-eabi/4.8.4/../../../../arm-none-eabi/lib/armv7e-m/fpu/libc_s.a(lib_a-readr.o)
                0x0000000020004ae4                _read_r
 *(.rodata .rodata.*)
 .rodata.__func__.6500
                0x0000000020004b08       0x15 ../../../../../out/mt7687_hdk/mcs_react_native_7697/obj/bootloader/driver/chip/mt7687/src/common/flash_sfc.o
 .rodata.__func__.6522
                0x0000000020004b1d        0xd ../../../../../out/mt7687_hdk/mcs_react_native_7697/obj/bootloader/driver/chip/mt7687/src/common/flash_sfc.o
 .rodata.str1.1
                0x0000000020004b2a       0x4e ../../../../../out/mt7687_hdk/mcs_react_native_7697/obj/bootloader/driver/chip/mt7687/src/common/flash_sfc.o
 .rodata.__func__.6517
                0x0000000020004b78        0xc ../../../../../out/mt7687_hdk/mcs_react_native_7697/obj/bootloader/driver/chip/mt7687/src/common/flash_sfc.o
 .rodata.__func__.6568
                0x0000000020004b84       0x12 ../../../../../out/mt7687_hdk/mcs_react_native_7697/obj/bootloader/driver/chip/mt7687/src/common/flash_sfc.o
 .rodata.__func__.6583
                0x0000000020004b96       0x18 ../../../../../out/mt7687_hdk/mcs_react_native_7697/obj/bootloader/driver/chip/mt7687/src/common/flash_sfc.o
 .rodata.__func__.6595
                0x0000000020004bae       0x1b ../../../../../out/mt7687_hdk/mcs_react_native_7697/obj/bootloader/driver/chip/mt7687/src/common/flash_sfc.o
 .rodata.str1.1
                0x0000000020004bc9       0x58 ../../../../../out/mt7687_hdk/mcs_react_native_7697/obj/bootloader/driver/chip/mt7687/src/common/gpt.o
 .rodata.str1.1
                0x0000000020004c21       0x33 ../../../../../out/mt7687_hdk/mcs_react_native_7697/obj/bootloader/driver/chip/mt7687/src/common/sfc.o
                                         0x58 (size before relaxing)
 .rodata.CSWTCH.23
                0x0000000020004c54        0x3 ../../../../../out/mt7687_hdk/mcs_react_native_7697/obj/bootloader/driver/chip/mt7687/src/common/sfc.o
 .rodata.cmdlist_switchspi_micron
                0x0000000020004c57        0x8 ../../../../../out/mt7687_hdk/mcs_react_native_7697/obj/bootloader/driver/chip/mt7687/src/common/spi_flash.o
                0x0000000020004c57                cmdlist_switchspi_micron
 .rodata.cmdlist_suspend_winbond
                0x0000000020004c5f        0x4 ../../../../../out/mt7687_hdk/mcs_react_native_7697/obj/bootloader/driver/chip/mt7687/src/common/spi_flash.o
                0x0000000020004c5f                cmdlist_suspend_winbond
 .rodata.cmdlist_switchspiq_gd
                0x0000000020004c63        0x9 ../../../../../out/mt7687_hdk/mcs_react_native_7697/obj/bootloader/driver/chip/mt7687/src/common/spi_flash.o
                0x0000000020004c63                cmdlist_switchspiq_gd
 .rodata.__func__.6529
                0x0000000020004c6c       0x11 ../../../../../out/mt7687_hdk/mcs_react_native_7697/obj/bootloader/driver/chip/mt7687/src/common/spi_flash.o
 .rodata.cmdlist_flash_reset_spimode
                0x0000000020004c7d        0x7 ../../../../../out/mt7687_hdk/mcs_react_native_7697/obj/bootloader/driver/chip/mt7687/src/common/spi_flash.o
                0x0000000020004c7d                cmdlist_flash_reset_spimode
 .rodata.__func__.6671
                0x0000000020004c84        0xc ../../../../../out/mt7687_hdk/mcs_react_native_7697/obj/bootloader/driver/chip/mt7687/src/common/spi_flash.o
 .rodata.cmdlist_switchspi_gd
                0x0000000020004c90        0x9 ../../../../../out/mt7687_hdk/mcs_react_native_7697/obj/bootloader/driver/chip/mt7687/src/common/spi_flash.o
                0x0000000020004c90                cmdlist_switchspi_gd
 .rodata.cmdlist_switchspi_gd25q32c
                0x0000000020004c99        0x8 ../../../../../out/mt7687_hdk/mcs_react_native_7697/obj/bootloader/driver/chip/mt7687/src/common/spi_flash.o
                0x0000000020004c99                cmdlist_switchspi_gd25q32c
 .rodata.str1.1
                0x0000000020004ca1      0x168 ../../../../../out/mt7687_hdk/mcs_react_native_7697/obj/bootloader/driver/chip/mt7687/src/common/spi_flash.o
                                        0x18f (size before relaxing)
 .rodata.__FUNCTION__.6506
                0x0000000020004e09        0xd ../../../../../out/mt7687_hdk/mcs_react_native_7697/obj/bootloader/driver/chip/mt7687/src/common/spi_flash.o
 .rodata.cmdlist_switchspiq_micron
                0x0000000020004e16        0x8 ../../../../../out/mt7687_hdk/mcs_react_native_7697/obj/bootloader/driver/chip/mt7687/src/common/spi_flash.o
                0x0000000020004e16                cmdlist_switchspiq_micron
 .rodata.__FUNCTION__.6593
                0x0000000020004e1e        0xf ../../../../../out/mt7687_hdk/mcs_react_native_7697/obj/bootloader/driver/chip/mt7687/src/common/spi_flash.o
 .rodata.__FUNCTION__.6517
                0x0000000020004e2d        0xb ../../../../../out/mt7687_hdk/mcs_react_native_7697/obj/bootloader/driver/chip/mt7687/src/common/spi_flash.o
 .rodata.cmdlist_switchqpi_gd25q32c
                0x0000000020004e38        0x8 ../../../../../out/mt7687_hdk/mcs_react_native_7697/obj/bootloader/driver/chip/mt7687/src/common/spi_flash.o
                0x0000000020004e38                cmdlist_switchqpi_gd25q32c
 .rodata.cmdlist_switchspi_winbond
                0x0000000020004e40        0x4 ../../../../../out/mt7687_hdk/mcs_react_native_7697/obj/bootloader/driver/chip/mt7687/src/common/spi_flash.o
                0x0000000020004e40                cmdlist_switchspi_winbond
 .rodata.cmdlist_switchspiq_winbond
                0x0000000020004e44        0x9 ../../../../../out/mt7687_hdk/mcs_react_native_7697/obj/bootloader/driver/chip/mt7687/src/common/spi_flash.o
                0x0000000020004e44                cmdlist_switchspiq_winbond
 .rodata.__FUNCTION__.6492
                0x0000000020004e4d       0x13 ../../../../../out/mt7687_hdk/mcs_react_native_7697/obj/bootloader/driver/chip/mt7687/src/common/spi_flash.o
 .rodata.cmdlist_switchspiq_gd25q32c
                0x0000000020004e60        0x8 ../../../../../out/mt7687_hdk/mcs_react_native_7697/obj/bootloader/driver/chip/mt7687/src/common/spi_flash.o
                0x0000000020004e60                cmdlist_switchspiq_gd25q32c
 .rodata.cmdlist_switchspiq_mxic
                0x0000000020004e68        0x8 ../../../../../out/mt7687_hdk/mcs_react_native_7697/obj/bootloader/driver/chip/mt7687/src/common/spi_flash.o
                0x0000000020004e68                cmdlist_switchspiq_mxic
 .rodata.cmdlist_flash_reset_qpimode
                0x0000000020004e70        0x7 ../../../../../out/mt7687_hdk/mcs_react_native_7697/obj/bootloader/driver/chip/mt7687/src/common/spi_flash.o
                0x0000000020004e70                cmdlist_flash_reset_qpimode
 .rodata.cmdlist_switchqpi_winbond
                0x0000000020004e77        0xc ../../../../../out/mt7687_hdk/mcs_react_native_7697/obj/bootloader/driver/chip/mt7687/src/common/spi_flash.o
                0x0000000020004e77                cmdlist_switchqpi_winbond
 *fill*         0x0000000020004e83        0x1 
 .rodata.chips_data
                0x0000000020004e84      0x138 ../../../../../out/mt7687_hdk/mcs_react_native_7697/obj/bootloader/driver/chip/mt7687/src/common/spi_flash.o
 .rodata.cmdlist_resume_winbond
                0x0000000020004fbc        0x4 ../../../../../out/mt7687_hdk/mcs_react_native_7697/obj/bootloader/driver/chip/mt7687/src/common/spi_flash.o
                0x0000000020004fbc                cmdlist_resume_winbond
 .rodata.cmdlist_switchspi_mxic
                0x0000000020004fc0        0x8 ../../../../../out/mt7687_hdk/mcs_react_native_7697/obj/bootloader/driver/chip/mt7687/src/common/spi_flash.o
                0x0000000020004fc0                cmdlist_switchspi_mxic
 .rodata        0x0000000020004fc8       0x2c ../../../../../out/mt7687_hdk/mcs_react_native_7697/obj/bootloader/driver/chip/mt7687/src/common/uart.o
 .rodata.__FUNCTION__.5569
                0x0000000020004ff4        0xa ../../../../../out/mt7687_hdk/mcs_react_native_7697/obj/bootloader/driver/chip/mt7687/src/hal_nvic.o
 .rodata.str1.1
                0x0000000020004ffe       0x19 ../../../../../out/mt7687_hdk/mcs_react_native_7697/obj/bootloader/driver/chip/mt7687/src/hal_nvic.o
 .rodata.__FUNCTION__.6307
                0x0000000020005017       0x1b ../../../../../out/mt7687_hdk/mcs_react_native_7697/obj/bootloader/driver/chip/mt7687/src/hal_gpt.o
 .rodata.str1.1
                0x0000000020005032       0xa0 ../../../../../out/mt7687_hdk/mcs_react_native_7697/obj/bootloader/driver/chip/mt7687/src/hal_gpt.o
 .rodata.__FUNCTION__.5639
                0x00000000200050d2       0x10 ../../../../../out/mt7687_hdk/mcs_react_native_7697/obj/bootloader/driver/chip/mt7687/src/hal_sha.o
 .rodata.str1.1
                0x00000000200050e2       0x22 ../../../../../out/mt7687_hdk/mcs_react_native_7697/obj/bootloader/driver/chip/mt7687/src/hal_sha.o
 .rodata        0x0000000020005104       0x4c ../../../../../out/mt7687_hdk/mcs_react_native_7697/obj/bootloader/driver/chip/mt7687/src/hal_uart.o
 .rodata.cmdlist_switchspiq_default
                0x0000000020005150        0x9 ../../../../../out/mt7687_hdk/mcs_react_native_7697/obj/bootloader/driver/board/mt76x7_hdk/external_flash/src/bsp_flash_config.o
                0x0000000020005150                cmdlist_switchspiq_default
 .rodata.cmdlist_switchspi_default
                0x0000000020005159        0x4 ../../../../../out/mt7687_hdk/mcs_react_native_7697/obj/bootloader/driver/board/mt76x7_hdk/external_flash/src/bsp_flash_config.o
                0x0000000020005159                cmdlist_switchspi_default
 *fill*         0x000000002000515d        0x3 
 .rodata        0x0000000020005160       0x28 ../../../../../out/mt7687_hdk/mcs_react_native_7697/obj/bootloader/driver/board/mt76x7_hdk/ept/src/bsp_gpio_ept_config.o
 .rodata.str1.1
                0x0000000020005188       0x91 ../../../../../out/mt7687_hdk/mcs_react_native_7697/obj/bootloader/driver/board/mt76x7_hdk/bootloader/src/mt7687/main.o
 .rodata        0x0000000020005219        0x4 ../../../../../out/mt7687_hdk/mcs_react_native_7697/obj/bootloader/driver/board/mt76x7_hdk/bootloader/src/mt7687/hw_uart.o
 .rodata.str1.1
                0x0000000000000000       0x91 ../../../../../out/mt7687_hdk/mcs_react_native_7697/obj/bootloader/driver/board/mt76x7_hdk/bootloader/src/mt7687/hw_uart.o
                                          0x7 (size before relaxing)
 .rodata.__FUNCTION__.5736
                0x000000002000521d        0xe ../../../../../out/mt7687_hdk/mcs_react_native_7697/obj/bootloader/middleware/MTK/fota/src/76x7/fota_76x7.o
 .rodata.__FUNCTION__.5631
                0x000000002000522b       0x1c ../../../../../out/mt7687_hdk/mcs_react_native_7697/obj/bootloader/middleware/MTK/fota/src/76x7/fota_76x7.o
 .rodata.__FUNCTION__.5797
                0x0000000020005247        0xa ../../../../../out/mt7687_hdk/mcs_react_native_7697/obj/bootloader/middleware/MTK/fota/src/76x7/fota_76x7.o
 .rodata.__FUNCTION__.5642
                0x0000000020005251       0x1b ../../../../../out/mt7687_hdk/mcs_react_native_7697/obj/bootloader/middleware/MTK/fota/src/76x7/fota_76x7.o
 .rodata.__FUNCTION__.5776
                0x000000002000526c       0x18 ../../../../../out/mt7687_hdk/mcs_react_native_7697/obj/bootloader/middleware/MTK/fota/src/76x7/fota_76x7.o
 .rodata.str1.1
                0x0000000020005284      0x44d ../../../../../out/mt7687_hdk/mcs_react_native_7697/obj/bootloader/middleware/MTK/fota/src/76x7/fota_76x7.o
                                        0x474 (size before relaxing)
 .rodata.__FUNCTION__.5648
                0x00000000200056d1       0x18 ../../../../../out/mt7687_hdk/mcs_react_native_7697/obj/bootloader/middleware/MTK/fota/src/76x7/fota_76x7.o
 .rodata.__FUNCTION__.5712
                0x00000000200056e9       0x16 ../../../../../out/mt7687_hdk/mcs_react_native_7697/obj/bootloader/middleware/MTK/fota/src/76x7/fota_76x7.o
 .rodata.__FUNCTION__.5657
                0x00000000200056ff       0x1a ../../../../../out/mt7687_hdk/mcs_react_native_7697/obj/bootloader/middleware/MTK/fota/src/76x7/fota_76x7.o
 .rodata.__FUNCTION__.5669
                0x0000000020005719       0x13 ../../../../../out/mt7687_hdk/mcs_react_native_7697/obj/bootloader/middleware/MTK/fota/src/76x7/fota_76x7.o
 .rodata.__FUNCTION__.5606
                0x000000002000572c        0xa ../../../../../out/mt7687_hdk/mcs_react_native_7697/obj/bootloader/middleware/MTK/fota/src/76x7/fota_76x7.o
 .rodata.__FUNCTION__.5680
                0x0000000020005736       0x13 ../../../../../out/mt7687_hdk/mcs_react_native_7697/obj/bootloader/middleware/MTK/fota/src/76x7/fota_76x7.o
 .rodata.__FUNCTION__.5788
                0x0000000020005749       0x16 ../../../../../out/mt7687_hdk/mcs_react_native_7697/obj/bootloader/middleware/MTK/fota/src/76x7/fota_76x7.o
 .rodata.str1.1
                0x000000002000575f      0x14e ../../../../../out/mt7687_hdk/mcs_react_native_7697/obj/bootloader/middleware/third_party/lzma_decoder/src/lzma_decode_interface.o
 *fill*         0x00000000200058ad        0x3 
 .rodata.SHA384_DefaultHashValue
                0x00000000200058b0       0x40 ../../../../../driver/chip/mt7687/lib/libhal_protected_CM4_GCC.a(crypt_sha.o)
 .rodata.SHA224_DefaultHashValue
                0x00000000200058f0       0x20 ../../../../../driver/chip/mt7687/lib/libhal_protected_CM4_GCC.a(crypt_sha.o)
 .rodata.SHA1_DefaultHashValue
                0x0000000020005910       0x14 ../../../../../driver/chip/mt7687/lib/libhal_protected_CM4_GCC.a(crypt_sha.o)
 .rodata.SHA512_DefaultHashValue
                0x0000000020005924       0x40 ../../../../../driver/chip/mt7687/lib/libhal_protected_CM4_GCC.a(crypt_sha.o)
 .rodata.CSWTCH.12
                0x0000000020005964        0x8 ../../../../../driver/chip/mt7687/lib/libhal_protected_CM4_GCC.a(crypt_sha.o)
 .rodata.CSWTCH.13
                0x000000002000596c        0x4 ../../../../../driver/chip/mt7687/lib/libhal_protected_CM4_GCC.a(crypt_sha.o)
 .rodata.CSWTCH.20
                0x0000000020005970        0x4 ../../../../../driver/chip/mt7687/lib/libhal_protected_CM4_GCC.a(crypt_sha.o)
 .rodata.CSWTCH.16
                0x0000000020005974        0x4 ../../../../../driver/chip/mt7687/lib/libhal_protected_CM4_GCC.a(crypt_sha.o)
 .rodata.CSWTCH.17
                0x0000000020005978        0x4 ../../../../../driver/chip/mt7687/lib/libhal_protected_CM4_GCC.a(crypt_sha.o)
 .rodata.CSWTCH.18
                0x000000002000597c        0x4 ../../../../../driver/chip/mt7687/lib/libhal_protected_CM4_GCC.a(crypt_sha.o)
 .rodata.CSWTCH.19
                0x0000000020005980        0x4 ../../../../../driver/chip/mt7687/lib/libhal_protected_CM4_GCC.a(crypt_sha.o)
 .rodata.CSWTCH.10
                0x0000000020005984        0x4 ../../../../../driver/chip/mt7687/lib/libhal_protected_CM4_GCC.a(crypt_sha.o)
 .rodata.SHA256_DefaultHashValue
                0x0000000020005988       0x20 ../../../../../driver/chip/mt7687/lib/libhal_protected_CM4_GCC.a(crypt_sha.o)
 .rodata.CSWTCH.11
                0x00000000200059a8        0x4 ../../../../../driver/chip/mt7687/lib/libhal_protected_CM4_GCC.a(crypt_sha.o)
 .rodata.str1.1
                0x00000000200059ac       0x3c /Users/blue-mtk/Downloads/LinkIt_SDK_V4.2.0_public/tools/gcc/gcc-arm-none-eabi/bin/../lib/gcc/arm-none-eabi/4.8.4/../../../../arm-none-eabi/lib/armv7e-m/fpu/libc_s.a(lib_a-assert.o)
                                         0x3d (size before relaxing)
 .rodata.str1.1
                0x0000000000000000       0x3c /Users/blue-mtk/Downloads/LinkIt_SDK_V4.2.0_public/tools/gcc/gcc-arm-none-eabi/bin/../lib/gcc/arm-none-eabi/4.8.4/../../../../arm-none-eabi/lib/armv7e-m/fpu/libc_s.a(lib_a-impure.o)
                                          0x2 (size before relaxing)
 .rodata._global_impure_ptr
                0x00000000200059e8        0x4 /Users/blue-mtk/Downloads/LinkIt_SDK_V4.2.0_public/tools/gcc/gcc-arm-none-eabi/bin/../lib/gcc/arm-none-eabi/4.8.4/../../../../arm-none-eabi/lib/armv7e-m/fpu/libc_s.a(lib_a-impure.o)
                0x00000000200059e8                _global_impure_ptr
 .rodata.str1.1
                0x00000000200059ec       0x11 /Users/blue-mtk/Downloads/LinkIt_SDK_V4.2.0_public/tools/gcc/gcc-arm-none-eabi/bin/../lib/gcc/arm-none-eabi/4.8.4/../../../../arm-none-eabi/lib/armv7e-m/fpu/libc_s.a(lib_a-vfprintf.o)
 .rodata.str1.1
                0x00000000200059fd       0x22 /Users/blue-mtk/Downloads/LinkIt_SDK_V4.2.0_public/tools/gcc/gcc-arm-none-eabi/bin/../lib/gcc/arm-none-eabi/4.8.4/../../../../arm-none-eabi/lib/armv7e-m/fpu/libc_s.a(lib_a-vfprintf_i.o)
 *fill*         0x0000000020005a1f        0x1 
 .rodata.__sf_fake_stdin
                0x0000000020005a20       0x20 /Users/blue-mtk/Downloads/LinkIt_SDK_V4.2.0_public/tools/gcc/gcc-arm-none-eabi/bin/../lib/gcc/arm-none-eabi/4.8.4/../../../../arm-none-eabi/lib/armv7e-m/fpu/libc_s.a(lib_a-findfp.o)
                0x0000000020005a20                __sf_fake_stdin
 .rodata.__sf_fake_stdout
                0x0000000020005a40       0x20 /Users/blue-mtk/Downloads/LinkIt_SDK_V4.2.0_public/tools/gcc/gcc-arm-none-eabi/bin/../lib/gcc/arm-none-eabi/4.8.4/../../../../arm-none-eabi/lib/armv7e-m/fpu/libc_s.a(lib_a-findfp.o)
                0x0000000020005a40                __sf_fake_stdout
 .rodata.__sf_fake_stderr
                0x0000000020005a60       0x20 /Users/blue-mtk/Downloads/LinkIt_SDK_V4.2.0_public/tools/gcc/gcc-arm-none-eabi/bin/../lib/gcc/arm-none-eabi/4.8.4/../../../../arm-none-eabi/lib/armv7e-m/fpu/libc_s.a(lib_a-findfp.o)
                0x0000000020005a60                __sf_fake_stderr
                0x0000000020005a80                _text_end = .

.glue_7         0x0000000020005a80        0x0 load address 0x0000000010005a80
 .glue_7        0x0000000000000000        0x0 linker stubs

.glue_7t        0x0000000020005a80        0x0 load address 0x0000000010005a80
 .glue_7t       0x0000000000000000        0x0 linker stubs

.vfp11_veneer   0x0000000020005a80        0x0 load address 0x0000000010005a80
 .vfp11_veneer  0x0000000000000000        0x0 linker stubs

.v4_bx          0x0000000020005a80        0x0 load address 0x0000000010005a80
 .v4_bx         0x0000000000000000        0x0 linker stubs

.iplt           0x0000000020005a80        0x0 load address 0x0000000010005a80
 .iplt          0x0000000000000000        0x0 ../../../../../out/mt7687_hdk/mcs_react_native_7697/obj/bootloader/driver/chip/mt7687/src/common/cos_api.o

.rel.dyn        0x0000000020005a80        0x0 load address 0x0000000010005a80
 .rel.iplt      0x0000000000000000        0x0 ../../../../../out/mt7687_hdk/mcs_react_native_7697/obj/bootloader/driver/chip/mt7687/src/common/cos_api.o
                0x0000000020005a80                . = ALIGN (0x4)
                0x0000000010005a80                _data_lma_start = LOADADDR (.data)

.data           0x0000000020005a80     0x1470 load address 0x0000000010005a80
                0x0000000020005a80                _data_start = .
 *(.ramTEXT)
 .ramTEXT       0x0000000020005a80      0x35c ../../../../../out/mt7687_hdk/mcs_react_native_7697/obj/bootloader/driver/chip/mt7687/src/common/flash_sfc.o
                0x0000000020005a80                gpt_get_current_time
                0x0000000020005ab0                SF_DAL_FLAG_BUSY_SET
                0x0000000020005abc                SF_DAL_FLAG_BUSY_CLR
                0x0000000020005ac8                SF_DAL_FLAG_SUS_SET
                0x0000000020005ad4                SF_DAL_FLAG_SUS_CLR
                0x0000000020005ae0                flash_sfc_config
                0x0000000020005b00                flash_sfc_read
                0x0000000020005b70                flash_sfc_erase
                0x0000000020005bde                Flash_ReturnReady
                0x0000000020005c64                SF_DAL_CheckDeviceReady
                0x0000000020005d44                SF_DAL_CheckReadyAndResume
 .ramTEXT       0x0000000020005ddc        0xe ../../../../../out/mt7687_hdk/mcs_react_native_7697/obj/bootloader/driver/chip/mt7687/src/common/nvic.o
                0x0000000020005ddc                save_and_set_interrupt_mask
                0x0000000020005de4                restore_interrupt_mask
 *fill*         0x0000000020005dea        0x2 
 .ramTEXT       0x0000000020005dec      0x378 ../../../../../out/mt7687_hdk/mcs_react_native_7697/obj/bootloader/driver/chip/mt7687/src/common/sfc.o
                0x0000000020005dec                sfc_GPT_return_current_count
                0x0000000020005df8                sfc_get_systime
                0x0000000020005e04                sfc_delay_time
                0x0000000020005e1c                sfc_delay_ms
                0x0000000020005e22                sfc_getMaxGPRamSize
                0x0000000020005e26                sfc_Init
                0x0000000020005ec8                sfc_GetDirectMode
                0x0000000020005eec                sfc_direct_read_setup
                0x0000000020005f0c                sfc_transfer
                0x0000000020006004                sfc_Command_List
                0x0000000020006058                sfc_clear_gpram
                0x0000000020006070                sfc_read
                0x000000002000607e                sfc_write
                0x00000000200060d4                sfc_security_write_crc
                0x0000000020006110                __sfc_write
 .ramTEXT       0x0000000020006164      0xbcc ../../../../../out/mt7687_hdk/mcs_react_native_7697/obj/bootloader/driver/chip/mt7687/src/common/spi_flash.o
                0x0000000020006184                flash_suspend_Winbond
                0x0000000020006190                flash_resume_Winbond
                0x000000002000619c                flash_read_jedec_id
                0x00000000200061b6                flash_check_device
                0x00000000200062d8                flash_switch_mode
                0x0000000020006424                flash_config
                0x000000002000657c                flash_init
                0x0000000020006648                flash_read_manu_id
                0x0000000020006666                flash_read_manu_id_quad
                0x0000000020006684                flash_read_sr
                0x00000000200066a6                flash_wait_ready
                0x00000000200066f8                flash_read
                0x0000000020006744                flash_fast_read
                0x000000002000679e                flash_read_sr2
                0x000000002000680c                flash_unprotect
                0x0000000020006840                flash_protect
                0x0000000020006872                flash_write_enable
                0x000000002000688c                flash_write_disable
                0x00000000200068a6                flash_erase_sector
                0x0000000020006918                flash_erase_sector_32k
                0x000000002000698c                flash_erase_page
                0x0000000020006a00                flash_erase_chip
                0x0000000020006a54                flash_erase
                0x0000000020006a84                flash_write
                0x0000000020006bac                flash_erase_write_security_crc
                0x0000000020006c18                flash_erase_write
                0x0000000020006d0c                query_spi_flash_status
 .ramTEXT       0x0000000020006d30       0x74 ../../../../../out/mt7687_hdk/mcs_react_native_7697/obj/bootloader/driver/chip/mt7687/src/common/top.o
                0x0000000020006d30                cmnSerialFlashClkConfToXtal
                0x0000000020006d50                cmnSerialFlashClkConfTo64M
 .ramTEXT       0x0000000020006da4       0x58 ../../../../../out/mt7687_hdk/mcs_react_native_7697/obj/bootloader/driver/chip/mt7687/src/hal_nvic.o
                0x0000000020006da4                isrC_main
                0x0000000020006dfc                . = ALIGN (0x4)
 *(.data .data.*)
 .data.sf_drvier_status
                0x0000000020006dfc        0x1 ../../../../../out/mt7687_hdk/mcs_react_native_7697/obj/bootloader/driver/chip/mt7687/src/common/flash_sfc.o
                0x0000000020006dfc                sf_drvier_status
 *fill*         0x0000000020006dfd        0x3 
 .data.sf_Mutex
                0x0000000020006e00        0x4 ../../../../../out/mt7687_hdk/mcs_react_native_7697/obj/bootloader/driver/chip/mt7687/src/common/flash_sfc.o
 .data.gSFC_max_data_size
                0x0000000020006e04        0x4 ../../../../../out/mt7687_hdk/mcs_react_native_7697/obj/bootloader/driver/chip/mt7687/src/common/spi_flash.o
                0x0000000020006e04                gSFC_max_data_size
 .data.lzma_alloc
                0x0000000020006e08        0x8 ../../../../../out/mt7687_hdk/mcs_react_native_7697/obj/bootloader/middleware/MTK/fota/src/76x7/fota_76x7.o
                0x0000000020006e08                lzma_alloc
 .data.s_flash_table
                0x0000000020006e10       0x40 ../../../../../out/mt7687_hdk/mcs_react_native_7697/obj/bootloader/middleware/MTK/fota/src/76x7/fota_config.o
 .data.fota_flash_default_config
                0x0000000020006e50        0xc ../../../../../out/mt7687_hdk/mcs_react_native_7697/obj/bootloader/middleware/MTK/fota/src/76x7/fota_config.o
                0x0000000020006e50                fota_flash_default_config
 .data.SystemCoreClock
                0x0000000020006e5c        0x4 ../../../../../out/mt7687_hdk/mcs_react_native_7697/obj/bootloader/project/mt7687_hdk/apps/bootloader/src/system_mt7687.o
                0x0000000020006e5c                SystemCoreClock
 .data.build_date_time_str
                0x0000000020006e60       0x14 ../../../../../out/mt7687_hdk/mcs_react_native_7697/obj/bootloader/middleware/MTK/verno/verno.o
                0x0000000020006e60                build_date_time_str
 .data.hw_verno_str
                0x0000000020006e74        0xb ../../../../../out/mt7687_hdk/mcs_react_native_7697/obj/bootloader/middleware/MTK/verno/verno.o
                0x0000000020006e74                hw_verno_str
 .data.sw_verno_str
                0x0000000020006e7f        0xb ../../../../../out/mt7687_hdk/mcs_react_native_7697/obj/bootloader/middleware/MTK/verno/verno.o
                0x0000000020006e7f                sw_verno_str
 *fill*         0x0000000020006e8a        0x2 
 .data.impure_data
                0x0000000020006e8c       0x60 /Users/blue-mtk/Downloads/LinkIt_SDK_V4.2.0_public/tools/gcc/gcc-arm-none-eabi/bin/../lib/gcc/arm-none-eabi/4.8.4/../../../../arm-none-eabi/lib/armv7e-m/fpu/libc_s.a(lib_a-impure.o)
 .data._impure_ptr
                0x0000000020006eec        0x4 /Users/blue-mtk/Downloads/LinkIt_SDK_V4.2.0_public/tools/gcc/gcc-arm-none-eabi/bin/../lib/gcc/arm-none-eabi/4.8.4/../../../../arm-none-eabi/lib/armv7e-m/fpu/libc_s.a(lib_a-impure.o)
                0x0000000020006eec                _impure_ptr
                0x0000000020006ef0                _data_end = .

.igot.plt       0x0000000020006ef0        0x0 load address 0x0000000010006ef0
 .igot.plt      0x0000000000000000        0x0 ../../../../../out/mt7687_hdk/mcs_react_native_7697/obj/bootloader/driver/chip/mt7687/src/common/cos_api.o
                0x0000000020006ef0                . = ALIGN (0x4)

.bss            0x0000000020006ef0     0xd7f4 load address 0x0000000010006ef0
                0x0000000020006ef0                _bss_start = .
 *(.bss .bss.*)
 .bss.NOR_FLASH_BUSY
                0x0000000020006ef0        0x1 ../../../../../out/mt7687_hdk/mcs_react_native_7697/obj/bootloader/driver/chip/mt7687/src/common/flash_sfc.o
                0x0000000020006ef0                NOR_FLASH_BUSY
 .bss.NOR_FLASH_SUSPENDED
                0x0000000020006ef1        0x1 ../../../../../out/mt7687_hdk/mcs_react_native_7697/obj/bootloader/driver/chip/mt7687/src/common/flash_sfc.o
                0x0000000020006ef1                NOR_FLASH_SUSPENDED
 *fill*         0x0000000020006ef2        0x2 
 .bss.gucFlashSFCMode
                0x0000000020006ef4        0x4 ../../../../../out/mt7687_hdk/mcs_react_native_7697/obj/bootloader/driver/chip/mt7687/src/common/flash_sfc.o
                0x0000000020006ef4                gucFlashSFCMode
 .bss.GPTTimer  0x0000000020006ef8        0xc ../../../../../out/mt7687_hdk/mcs_react_native_7697/obj/bootloader/driver/chip/mt7687/src/common/gpt.o
 .bss.g_sfc_security_enable
                0x0000000020006f04        0x4 ../../../../../out/mt7687_hdk/mcs_react_native_7697/obj/bootloader/driver/chip/mt7687/src/common/sfc.o
                0x0000000020006f04                g_sfc_security_enable
 .bss.support_flash_id
                0x0000000020006f08        0x2 ../../../../../out/mt7687_hdk/mcs_react_native_7697/obj/bootloader/driver/chip/mt7687/src/common/spi_flash.o
                0x0000000020006f08                support_flash_id
 *fill*         0x0000000020006f0a        0x2 
 .bss.spi_chip_info
                0x0000000020006f0c        0x4 ../../../../../out/mt7687_hdk/mcs_react_native_7697/obj/bootloader/driver/chip/mt7687/src/common/spi_flash.o
                0x0000000020006f0c                spi_chip_info
 .bss.gd_write_sr2_1
                0x0000000020006f10        0x4 ../../../../../out/mt7687_hdk/mcs_react_native_7697/obj/bootloader/driver/chip/mt7687/src/common/spi_flash.o
                0x0000000020006f10                gd_write_sr2_1
 .bss.gCpuFrequency
                0x0000000020006f14        0x4 ../../../../../out/mt7687_hdk/mcs_react_native_7697/obj/bootloader/driver/chip/mt7687/src/common/top.o
 .bss.gXtalFreq
                0x0000000020006f18        0x4 ../../../../../out/mt7687_hdk/mcs_react_native_7697/obj/bootloader/driver/chip/mt7687/src/common/top.o
 .bss.gUartClkFreq
                0x0000000020006f1c        0x4 ../../../../../out/mt7687_hdk/mcs_react_native_7697/obj/bootloader/driver/chip/mt7687/src/common/uart.o
                0x0000000020006f1c                gUartClkFreq
 .bss.g_crypt_lock
                0x0000000020006f20        0x1 ../../../../../out/mt7687_hdk/mcs_react_native_7697/obj/bootloader/driver/chip/mt7687/src/hal_aes.o
                0x0000000020006f20                g_crypt_lock
 *fill*         0x0000000020006f21        0x3 
 .bss.g_cache_con
                0x0000000020006f24        0x4 ../../../../../out/mt7687_hdk/mcs_react_native_7697/obj/bootloader/driver/chip/mt7687/src/hal_cache_internal.o
                0x0000000020006f24                g_cache_con
 .bss.nvic_function_table
                0x0000000020006f28      0x300 ../../../../../out/mt7687_hdk/mcs_react_native_7697/obj/bootloader/driver/chip/mt7687/src/hal_nvic.o
                0x0000000020006f28                nvic_function_table
 .bss.g_gpt_context
                0x0000000020007228       0x50 ../../../../../out/mt7687_hdk/mcs_react_native_7697/obj/bootloader/driver/chip/mt7687/src/hal_gpt.o
 .bss.g_uart_context_table
                0x0000000020007278       0x60 ../../../../../out/mt7687_hdk/mcs_react_native_7697/obj/bootloader/driver/chip/mt7687/src/hal_uart.o
 .bss.KernelStack
                0x00000000200072d8     0x2000 ../../../../../out/mt7687_hdk/mcs_react_native_7697/obj/bootloader/driver/board/mt76x7_hdk/bootloader/src/mt7687/main.o
 .bss.buffer.6740
                0x00000000200092d8     0x1000 ../../../../../out/mt7687_hdk/mcs_react_native_7697/obj/bootloader/driver/board/mt76x7_hdk/bootloader/src/mt7687/main.o
 .bss.rev.5397  0x000000002000a2d8       0x15 ../../../../../out/mt7687_hdk/mcs_react_native_7697/obj/bootloader/driver/board/mt76x7_hdk/bootloader/src/mt7687/hw_uart.o
 .bss.rev.5383  0x000000002000a2ed       0x15 ../../../../../out/mt7687_hdk/mcs_react_native_7697/obj/bootloader/driver/board/mt76x7_hdk/bootloader/src/mt7687/hw_uart.o
 .bss.buf       0x000000002000a302      0x200 ../../../../../out/mt7687_hdk/mcs_react_native_7697/obj/bootloader/driver/board/mt76x7_hdk/bootloader/src/mt7687/hw_uart.o
 *fill*         0x000000002000a502        0x2 
 .bss.fota_head
                0x000000002000a504       0x88 ../../../../../out/mt7687_hdk/mcs_react_native_7697/obj/bootloader/middleware/MTK/fota/src/76x7/fota_76x7.o
 .bss.lzma_alloc_count
                0x000000002000a58c        0x4 ../../../../../out/mt7687_hdk/mcs_react_native_7697/obj/bootloader/middleware/MTK/fota/src/76x7/fota_76x7.o
 .bss.lzma_buf_0
                0x000000002000a590     0x4000 ../../../../../out/mt7687_hdk/mcs_react_native_7697/obj/bootloader/middleware/MTK/fota/src/76x7/fota_76x7.o
 .bss.lzma_buf_1
                0x000000002000e590     0x4000 ../../../../../out/mt7687_hdk/mcs_react_native_7697/obj/bootloader/middleware/MTK/fota/src/76x7/fota_76x7.o
 .bss.lzma_buf_2
                0x0000000020012590     0x1000 ../../../../../out/mt7687_hdk/mcs_react_native_7697/obj/bootloader/middleware/MTK/fota/src/76x7/fota_76x7.o
 .bss.lzma_buf_3
                0x0000000020013590     0x1000 ../../../../../out/mt7687_hdk/mcs_react_native_7697/obj/bootloader/middleware/MTK/fota/src/76x7/fota_76x7.o
 .bss.flash_s   0x0000000020014590        0x4 ../../../../../out/mt7687_hdk/mcs_react_native_7697/obj/bootloader/middleware/MTK/fota/src/76x7/fota_76x7.o
 .bss.heap_end.3995
                0x0000000020014594        0x4 ../../../../../out/mt7687_hdk/mcs_react_native_7697/obj/bootloader/project/mt7687_hdk/apps/bootloader/GCC/syscalls.o
 .bss.crypt_input
                0x0000000020014598      0x100 ../../../../../driver/chip/mt7687/lib/libhal_protected_CM4_GCC.a(crypt_sha.o)
                0x0000000020014598                crypt_input
 .bss.crypt_output
                0x0000000020014698       0x40 ../../../../../driver/chip/mt7687/lib/libhal_protected_CM4_GCC.a(crypt_sha.o)
                0x0000000020014698                crypt_output
 .bss.__malloc_sbrk_start
                0x00000000200146d8        0x4 /Users/blue-mtk/Downloads/LinkIt_SDK_V4.2.0_public/tools/gcc/gcc-arm-none-eabi/bin/../lib/gcc/arm-none-eabi/4.8.4/../../../../arm-none-eabi/lib/armv7e-m/fpu/libc_s.a(lib_a-nano-mallocr.o)
                0x00000000200146d8                __malloc_sbrk_start
 .bss.__malloc_free_list
                0x00000000200146dc        0x4 /Users/blue-mtk/Downloads/LinkIt_SDK_V4.2.0_public/tools/gcc/gcc-arm-none-eabi/bin/../lib/gcc/arm-none-eabi/4.8.4/../../../../arm-none-eabi/lib/armv7e-m/fpu/libc_s.a(lib_a-nano-mallocr.o)
                0x00000000200146dc                __malloc_free_list
 *(COMMON)
 COMMON         0x00000000200146e0        0x4 /Users/blue-mtk/Downloads/LinkIt_SDK_V4.2.0_public/tools/gcc/gcc-arm-none-eabi/bin/../lib/gcc/arm-none-eabi/4.8.4/../../../../arm-none-eabi/lib/armv7e-m/fpu/libc_s.a(lib_a-reent.o)
                0x00000000200146e0                errno
                0x00000000200146e4                _bss_end = .
                0x00000000200146e4                . = ALIGN (0x4)

.heap           0x00000000200146e4        0x0
                0x00000000200146e4                __end__ = .
                0x00000000200146e4                end = __end__
 *(.heap*)
                0x00000000200146e4                __HeapLimit = .
                0x00000000200146e4                . = ALIGN (0x4)

.bssRandom      0x0000000000100000        0x0
                0x0000000000100000                __bssrandom_start__ = .
 *(.bssRandom)
                0x0000000000100000                __bssrandom_end__ = .
START GROUP
LOAD ../../../../../out/mt7687_hdk/mcs_react_native_7697/obj/bootloader/driver/chip/mt7687/src/common/cos_api.o
LOAD ../../../../../out/mt7687_hdk/mcs_react_native_7697/obj/bootloader/driver/chip/mt7687/src/common/dma.o
LOAD ../../../../../out/mt7687_hdk/mcs_react_native_7697/obj/bootloader/driver/chip/mt7687/src/common/flash_sfc.o
LOAD ../../../../../out/mt7687_hdk/mcs_react_native_7697/obj/bootloader/driver/chip/mt7687/src/common/gpt.o
LOAD ../../../../../out/mt7687_hdk/mcs_react_native_7697/obj/bootloader/driver/chip/mt7687/src/common/hal_I2C.o
LOAD ../../../../../out/mt7687_hdk/mcs_react_native_7697/obj/bootloader/driver/chip/mt7687/src/common/hal_i2s_internal.o
LOAD ../../../../../out/mt7687_hdk/mcs_react_native_7697/obj/bootloader/driver/chip/mt7687/src/common/low_hal_irtx.o
LOAD ../../../../../out/mt7687_hdk/mcs_react_native_7697/obj/bootloader/driver/chip/mt7687/src/common/low_hal_pwm.o
LOAD ../../../../../out/mt7687_hdk/mcs_react_native_7697/obj/bootloader/driver/chip/mt7687/src/common/hal_gpc.o
LOAD ../../../../../out/mt7687_hdk/mcs_react_native_7697/obj/bootloader/driver/chip/mt7687/src/common/hal_gpio_7687.o
LOAD ../../../../../out/mt7687_hdk/mcs_react_native_7697/obj/bootloader/driver/chip/mt7687/src/common/hal_irrx.o
LOAD ../../../../../out/mt7687_hdk/mcs_react_native_7697/obj/bootloader/driver/chip/mt7687/src/common/hal_lp.o
LOAD ../../../../../out/mt7687_hdk/mcs_react_native_7697/obj/bootloader/driver/chip/mt7687/src/common/hal_pcnt.o
LOAD ../../../../../out/mt7687_hdk/mcs_react_native_7697/obj/bootloader/driver/chip/mt7687/src/common/hal_pinmux.o
LOAD ../../../../../out/mt7687_hdk/mcs_react_native_7697/obj/bootloader/driver/chip/mt7687/src/common/hal_spim.o
LOAD ../../../../../out/mt7687_hdk/mcs_react_native_7697/obj/bootloader/driver/chip/mt7687/src/common/hal_sys.o
LOAD ../../../../../out/mt7687_hdk/mcs_react_native_7697/obj/bootloader/driver/chip/mt7687/src/common/hal_trng.o
LOAD ../../../../../out/mt7687_hdk/mcs_react_native_7697/obj/bootloader/driver/chip/mt7687/src/common/hal_uid.o
LOAD ../../../../../out/mt7687_hdk/mcs_react_native_7697/obj/bootloader/driver/chip/mt7687/src/common/i2c.o
LOAD ../../../../../out/mt7687_hdk/mcs_react_native_7697/obj/bootloader/driver/chip/mt7687/src/common/ir_tx.o
LOAD ../../../../../out/mt7687_hdk/mcs_react_native_7697/obj/bootloader/driver/chip/mt7687/src/common/low_hal_gpio.o
LOAD ../../../../../out/mt7687_hdk/mcs_react_native_7697/obj/bootloader/driver/chip/mt7687/src/common/low_hal_irrx.o
LOAD ../../../../../out/mt7687_hdk/mcs_react_native_7697/obj/bootloader/driver/chip/mt7687/src/common/low_hal_rtc.o
LOAD ../../../../../out/mt7687_hdk/mcs_react_native_7697/obj/bootloader/driver/chip/mt7687/src/common/low_hal_wdt.o
LOAD ../../../../../out/mt7687_hdk/mcs_react_native_7697/obj/bootloader/driver/chip/mt7687/src/common/nvic.o
LOAD ../../../../../out/mt7687_hdk/mcs_react_native_7697/obj/bootloader/driver/chip/mt7687/src/common/pinmux.o
LOAD ../../../../../out/mt7687_hdk/mcs_react_native_7697/obj/bootloader/driver/chip/mt7687/src/common/pwm.o
LOAD ../../../../../out/mt7687_hdk/mcs_react_native_7697/obj/bootloader/driver/chip/mt7687/src/common/sfc.o
LOAD ../../../../../out/mt7687_hdk/mcs_react_native_7697/obj/bootloader/driver/chip/mt7687/src/common/spi_flash.o
LOAD ../../../../../out/mt7687_hdk/mcs_react_native_7697/obj/bootloader/driver/chip/mt7687/src/common/spim.o
LOAD ../../../../../out/mt7687_hdk/mcs_react_native_7697/obj/bootloader/driver/chip/mt7687/src/common/timer.o
LOAD ../../../../../out/mt7687_hdk/mcs_react_native_7697/obj/bootloader/driver/chip/mt7687/src/common/top.o
LOAD ../../../../../out/mt7687_hdk/mcs_react_native_7697/obj/bootloader/driver/chip/mt7687/src/common/uart.o
LOAD ../../../../../out/mt7687_hdk/mcs_react_native_7697/obj/bootloader/driver/chip/mt7687/src/hal_log.o
LOAD ../../../../../out/mt7687_hdk/mcs_react_native_7697/obj/bootloader/driver/chip/mt7687/src/hal_adc.o
LOAD ../../../../../out/mt7687_hdk/mcs_react_native_7697/obj/bootloader/driver/chip/mt7687/src/hal_aes.o
LOAD ../../../../../out/mt7687_hdk/mcs_react_native_7697/obj/bootloader/driver/chip/mt7687/src/hal_cache.o
LOAD ../../../../../out/mt7687_hdk/mcs_react_native_7697/obj/bootloader/driver/chip/mt7687/src/hal_cache_internal.o
LOAD ../../../../../out/mt7687_hdk/mcs_react_native_7697/obj/bootloader/driver/chip/mt7687/src/hal_des.o
LOAD ../../../../../out/mt7687_hdk/mcs_react_native_7697/obj/bootloader/driver/chip/mt7687/src/hal_eint.o
LOAD ../../../../../out/mt7687_hdk/mcs_react_native_7697/obj/bootloader/driver/chip/mt7687/src/hal_nvic.o
LOAD ../../../../../out/mt7687_hdk/mcs_react_native_7697/obj/bootloader/driver/chip/mt7687/src/hal_nvic_internal.o
LOAD ../../../../../out/mt7687_hdk/mcs_react_native_7697/obj/bootloader/driver/chip/mt7687/src/hal_flash.o
LOAD ../../../../../out/mt7687_hdk/mcs_react_native_7697/obj/bootloader/driver/chip/mt7687/src/hal_gpio.o
LOAD ../../../../../out/mt7687_hdk/mcs_react_native_7697/obj/bootloader/driver/chip/mt7687/src/hal_i2c_master.o
LOAD ../../../../../out/mt7687_hdk/mcs_react_native_7697/obj/bootloader/driver/chip/mt7687/src/hal_i2s.o
LOAD ../../../../../out/mt7687_hdk/mcs_react_native_7697/obj/bootloader/driver/chip/mt7687/src/hal_irtx.o
LOAD ../../../../../out/mt7687_hdk/mcs_react_native_7697/obj/bootloader/driver/chip/mt7687/src/hal_gdma.o
LOAD ../../../../../out/mt7687_hdk/mcs_react_native_7697/obj/bootloader/driver/chip/mt7687/src/hal_gpt.o
LOAD ../../../../../out/mt7687_hdk/mcs_react_native_7697/obj/bootloader/driver/chip/mt7687/src/hal_md5.o
LOAD ../../../../../out/mt7687_hdk/mcs_react_native_7697/obj/bootloader/driver/chip/mt7687/src/hal_pwm.o
LOAD ../../../../../out/mt7687_hdk/mcs_react_native_7697/obj/bootloader/driver/chip/mt7687/src/hal_rtc.o
LOAD ../../../../../out/mt7687_hdk/mcs_react_native_7697/obj/bootloader/driver/chip/mt7687/src/hal_sha.o
LOAD ../../../../../out/mt7687_hdk/mcs_react_native_7697/obj/bootloader/driver/chip/mt7687/src/hal_spi_master.o
LOAD ../../../../../out/mt7687_hdk/mcs_react_native_7697/obj/bootloader/driver/chip/mt7687/src/hal_spi_slave.o
LOAD ../../../../../out/mt7687_hdk/mcs_react_native_7697/obj/bootloader/driver/chip/mt7687/src/hal_uart.o
LOAD ../../../../../out/mt7687_hdk/mcs_react_native_7697/obj/bootloader/driver/chip/mt7687/src/hal_wdt.o
LOAD ../../../../../out/mt7687_hdk/mcs_react_native_7697/obj/bootloader/driver/board/mt76x7_hdk/external_flash/src/bsp_flash_config.o
LOAD ../../../../../out/mt7687_hdk/mcs_react_native_7697/obj/bootloader/driver/board/mt76x7_hdk/ept/src/bsp_gpio_ept_config.o
LOAD ../../../../../out/mt7687_hdk/mcs_react_native_7697/obj/bootloader/driver/board/mt76x7_hdk/bootloader/src/mt7687/main.o
LOAD ../../../../../out/mt7687_hdk/mcs_react_native_7697/obj/bootloader/driver/board/mt76x7_hdk/bootloader/src/mt7687/hw_uart.o
LOAD ../../../../../out/mt7687_hdk/mcs_react_native_7697/obj/bootloader/driver/board/mt76x7_hdk/bootloader/src/mt7687/xmodem.o
LOAD ../../../../../out/mt7687_hdk/mcs_react_native_7697/obj/bootloader/driver/board/mt76x7_hdk/bootloader/src/mt7687/crc16.o
LOAD ../../../../../out/mt7687_hdk/mcs_react_native_7697/obj/bootloader/middleware/MTK/fota/src/fota.o
LOAD ../../../../../out/mt7687_hdk/mcs_react_native_7697/obj/bootloader/middleware/MTK/fota/src/76x7/fota_76x7.o
LOAD ../../../../../out/mt7687_hdk/mcs_react_native_7697/obj/bootloader/middleware/MTK/fota/src/76x7/fota_config.o
LOAD ../../../../../out/mt7687_hdk/mcs_react_native_7697/obj/bootloader/middleware/MTK/fota/src/76x7/fota_port.o
LOAD ../../../../../out/mt7687_hdk/mcs_react_native_7697/obj/bootloader/middleware/MTK/fota/src/76x7/fota_cli.o
LOAD ../../../../../out/mt7687_hdk/mcs_react_native_7697/obj/bootloader/middleware/MTK/fota/src/76x7/fota_download_interface.o
LOAD ../../../../../out/mt7687_hdk/mcs_react_native_7697/obj/bootloader/project/mt7687_hdk/apps/bootloader/src/system_mt7687.o
LOAD ../../../../../out/mt7687_hdk/mcs_react_native_7697/obj/bootloader/project/mt7687_hdk/apps/bootloader/src/ept_gpio_var.o
LOAD ../../../../../out/mt7687_hdk/mcs_react_native_7697/obj/bootloader/project/mt7687_hdk/apps/bootloader/src/ept_eint_var.o
LOAD ../../../../../out/mt7687_hdk/mcs_react_native_7697/obj/bootloader/project/mt7687_hdk/apps/bootloader/GCC/syscalls.o
LOAD ../../../../../out/mt7687_hdk/mcs_react_native_7697/obj/bootloader/middleware/third_party/lzma_decoder/src/lzma_decode_interface.o
LOAD ../../../../../out/mt7687_hdk/mcs_react_native_7697/obj/bootloader/middleware/third_party/lzma_decoder/src/lzma_decoder.o
LOAD ../../../../../driver/chip/mt7687/lib/libhal_core_CM4_GCC.a
LOAD ../../../../../driver/chip/mt7687/lib/libhal_protected_CM4_GCC.a
LOAD ../../../../../out/mt7687_hdk/mcs_react_native_7697/obj/bootloader/middleware/MTK/verno/verno.o
END GROUP
LOAD /Users/blue-mtk/Downloads/LinkIt_SDK_V4.2.0_public/tools/gcc/gcc-arm-none-eabi/bin/../lib/gcc/arm-none-eabi/4.8.4/../../../../arm-none-eabi/lib/armv7e-m/fpu/libm.a
START GROUP
LOAD /Users/blue-mtk/Downloads/LinkIt_SDK_V4.2.0_public/tools/gcc/gcc-arm-none-eabi/bin/../lib/gcc/arm-none-eabi/4.8.4/armv7e-m/fpu/libgcc.a
LOAD /Users/blue-mtk/Downloads/LinkIt_SDK_V4.2.0_public/tools/gcc/gcc-arm-none-eabi/bin/../lib/gcc/arm-none-eabi/4.8.4/../../../../arm-none-eabi/lib/armv7e-m/fpu/libc_s.a
END GROUP
START GROUP
LOAD /Users/blue-mtk/Downloads/LinkIt_SDK_V4.2.0_public/tools/gcc/gcc-arm-none-eabi/bin/../lib/gcc/arm-none-eabi/4.8.4/armv7e-m/fpu/libgcc.a
LOAD /Users/blue-mtk/Downloads/LinkIt_SDK_V4.2.0_public/tools/gcc/gcc-arm-none-eabi/bin/../lib/gcc/arm-none-eabi/4.8.4/../../../../arm-none-eabi/lib/armv7e-m/fpu/libc_s.a
END GROUP
OUTPUT(../../../../../out/mt7687_hdk/mcs_react_native_7697/mt7687_bootloader.elf elf32-littlearm)

.debug_info     0x0000000000000000    0x135de
 .debug_info    0x0000000000000000      0xfa4 ../../../../../out/mt7687_hdk/mcs_react_native_7697/obj/bootloader/driver/chip/mt7687/src/common/flash_sfc.o
 .debug_info    0x0000000000000fa4      0xa0f ../../../../../out/mt7687_hdk/mcs_react_native_7697/obj/bootloader/driver/chip/mt7687/src/common/gpt.o
 .debug_info    0x00000000000019b3      0x510 ../../../../../out/mt7687_hdk/mcs_react_native_7697/obj/bootloader/driver/chip/mt7687/src/common/nvic.o
 .debug_info    0x0000000000001ec3      0xaff ../../../../../out/mt7687_hdk/mcs_react_native_7697/obj/bootloader/driver/chip/mt7687/src/common/sfc.o
 .debug_info    0x00000000000029c2     0x1e00 ../../../../../out/mt7687_hdk/mcs_react_native_7697/obj/bootloader/driver/chip/mt7687/src/common/spi_flash.o
 .debug_info    0x00000000000047c2      0x4dc ../../../../../out/mt7687_hdk/mcs_react_native_7697/obj/bootloader/driver/chip/mt7687/src/common/timer.o
 .debug_info    0x0000000000004c9e      0xaea ../../../../../out/mt7687_hdk/mcs_react_native_7697/obj/bootloader/driver/chip/mt7687/src/common/top.o
 .debug_info    0x0000000000005788      0x954 ../../../../../out/mt7687_hdk/mcs_react_native_7697/obj/bootloader/driver/chip/mt7687/src/common/uart.o
 .debug_info    0x00000000000060dc      0x447 ../../../../../out/mt7687_hdk/mcs_react_native_7697/obj/bootloader/driver/chip/mt7687/src/hal_log.o
 .debug_info    0x0000000000006523     0x1272 ../../../../../out/mt7687_hdk/mcs_react_native_7697/obj/bootloader/driver/chip/mt7687/src/hal_aes.o
 .debug_info    0x0000000000007795      0xb0b ../../../../../out/mt7687_hdk/mcs_react_native_7697/obj/bootloader/driver/chip/mt7687/src/hal_cache.o
 .debug_info    0x00000000000082a0      0x335 ../../../../../out/mt7687_hdk/mcs_react_native_7697/obj/bootloader/driver/chip/mt7687/src/hal_cache_internal.o
 .debug_info    0x00000000000085d5      0x818 ../../../../../out/mt7687_hdk/mcs_react_native_7697/obj/bootloader/driver/chip/mt7687/src/hal_nvic.o
 .debug_info    0x0000000000008ded      0x35d ../../../../../out/mt7687_hdk/mcs_react_native_7697/obj/bootloader/driver/chip/mt7687/src/hal_flash.o
 .debug_info    0x000000000000914a      0xa6b ../../../../../out/mt7687_hdk/mcs_react_native_7697/obj/bootloader/driver/chip/mt7687/src/hal_gpt.o
 .debug_info    0x0000000000009bb5      0xb87 ../../../../../out/mt7687_hdk/mcs_react_native_7697/obj/bootloader/driver/chip/mt7687/src/hal_sha.o
 .debug_info    0x000000000000a73c     0x1815 ../../../../../out/mt7687_hdk/mcs_react_native_7697/obj/bootloader/driver/chip/mt7687/src/hal_uart.o
 .debug_info    0x000000000000bf51      0x28d ../../../../../out/mt7687_hdk/mcs_react_native_7697/obj/bootloader/driver/board/mt76x7_hdk/external_flash/src/bsp_flash_config.o
 .debug_info    0x000000000000c1de      0x2bb ../../../../../out/mt7687_hdk/mcs_react_native_7697/obj/bootloader/driver/board/mt76x7_hdk/ept/src/bsp_gpio_ept_config.o
 .debug_info    0x000000000000c499      0x88b ../../../../../out/mt7687_hdk/mcs_react_native_7697/obj/bootloader/driver/board/mt76x7_hdk/bootloader/src/mt7687/main.o
 .debug_info    0x000000000000cd24      0x6ba ../../../../../out/mt7687_hdk/mcs_react_native_7697/obj/bootloader/driver/board/mt76x7_hdk/bootloader/src/mt7687/hw_uart.o
 .debug_info    0x000000000000d3de     0x21bc ../../../../../out/mt7687_hdk/mcs_react_native_7697/obj/bootloader/middleware/MTK/fota/src/76x7/fota_76x7.o
 .debug_info    0x000000000000f59a      0x161 ../../../../../out/mt7687_hdk/mcs_react_native_7697/obj/bootloader/middleware/MTK/fota/src/76x7/fota_config.o
 .debug_info    0x000000000000f6fb      0x106 ../../../../../out/mt7687_hdk/mcs_react_native_7697/obj/bootloader/middleware/MTK/fota/src/76x7/fota_port.o
 .debug_info    0x000000000000f801      0x379 ../../../../../out/mt7687_hdk/mcs_react_native_7697/obj/bootloader/project/mt7687_hdk/apps/bootloader/src/system_mt7687.o
 .debug_info    0x000000000000fb7a      0xda1 ../../../../../out/mt7687_hdk/mcs_react_native_7697/obj/bootloader/project/mt7687_hdk/apps/bootloader/GCC/syscalls.o
 .debug_info    0x000000000001091b      0xdb6 ../../../../../out/mt7687_hdk/mcs_react_native_7697/obj/bootloader/middleware/third_party/lzma_decoder/src/lzma_decode_interface.o
 .debug_info    0x00000000000116d1     0x15d1 ../../../../../out/mt7687_hdk/mcs_react_native_7697/obj/bootloader/middleware/third_party/lzma_decoder/src/lzma_decoder.o
 .debug_info    0x0000000000012ca2      0x8be ../../../../../driver/chip/mt7687/lib/libhal_protected_CM4_GCC.a(crypt_sha.o)
 .debug_info    0x0000000000013560       0x7e ../../../../../out/mt7687_hdk/mcs_react_native_7697/obj/bootloader/middleware/MTK/verno/verno.o

.debug_abbrev   0x0000000000000000     0x43eb
 .debug_abbrev  0x0000000000000000      0x33f ../../../../../out/mt7687_hdk/mcs_react_native_7697/obj/bootloader/driver/chip/mt7687/src/common/flash_sfc.o
 .debug_abbrev  0x000000000000033f      0x2de ../../../../../out/mt7687_hdk/mcs_react_native_7697/obj/bootloader/driver/chip/mt7687/src/common/gpt.o
 .debug_abbrev  0x000000000000061d      0x19f ../../../../../out/mt7687_hdk/mcs_react_native_7697/obj/bootloader/driver/chip/mt7687/src/common/nvic.o
 .debug_abbrev  0x00000000000007bc      0x3da ../../../../../out/mt7687_hdk/mcs_react_native_7697/obj/bootloader/driver/chip/mt7687/src/common/sfc.o
 .debug_abbrev  0x0000000000000b96      0x3bb ../../../../../out/mt7687_hdk/mcs_react_native_7697/obj/bootloader/driver/chip/mt7687/src/common/spi_flash.o
 .debug_abbrev  0x0000000000000f51      0x18f ../../../../../out/mt7687_hdk/mcs_react_native_7697/obj/bootloader/driver/chip/mt7687/src/common/timer.o
 .debug_abbrev  0x00000000000010e0      0x27e ../../../../../out/mt7687_hdk/mcs_react_native_7697/obj/bootloader/driver/chip/mt7687/src/common/top.o
 .debug_abbrev  0x000000000000135e      0x252 ../../../../../out/mt7687_hdk/mcs_react_native_7697/obj/bootloader/driver/chip/mt7687/src/common/uart.o
 .debug_abbrev  0x00000000000015b0      0x167 ../../../../../out/mt7687_hdk/mcs_react_native_7697/obj/bootloader/driver/chip/mt7687/src/hal_log.o
 .debug_abbrev  0x0000000000001717      0x406 ../../../../../out/mt7687_hdk/mcs_react_native_7697/obj/bootloader/driver/chip/mt7687/src/hal_aes.o
 .debug_abbrev  0x0000000000001b1d      0x245 ../../../../../out/mt7687_hdk/mcs_react_native_7697/obj/bootloader/driver/chip/mt7687/src/hal_cache.o
 .debug_abbrev  0x0000000000001d62       0xe4 ../../../../../out/mt7687_hdk/mcs_react_native_7697/obj/bootloader/driver/chip/mt7687/src/hal_cache_internal.o
 .debug_abbrev  0x0000000000001e46      0x295 ../../../../../out/mt7687_hdk/mcs_react_native_7697/obj/bootloader/driver/chip/mt7687/src/hal_nvic.o
 .debug_abbrev  0x00000000000020db      0x12b ../../../../../out/mt7687_hdk/mcs_react_native_7697/obj/bootloader/driver/chip/mt7687/src/hal_flash.o
 .debug_abbrev  0x0000000000002206      0x270 ../../../../../out/mt7687_hdk/mcs_react_native_7697/obj/bootloader/driver/chip/mt7687/src/hal_gpt.o
 .debug_abbrev  0x0000000000002476      0x1c4 ../../../../../out/mt7687_hdk/mcs_react_native_7697/obj/bootloader/driver/chip/mt7687/src/hal_sha.o
 .debug_abbrev  0x000000000000263a      0x3fc ../../../../../out/mt7687_hdk/mcs_react_native_7697/obj/bootloader/driver/chip/mt7687/src/hal_uart.o
 .debug_abbrev  0x0000000000002a36      0x119 ../../../../../out/mt7687_hdk/mcs_react_native_7697/obj/bootloader/driver/board/mt76x7_hdk/external_flash/src/bsp_flash_config.o
 .debug_abbrev  0x0000000000002b4f      0x120 ../../../../../out/mt7687_hdk/mcs_react_native_7697/obj/bootloader/driver/board/mt76x7_hdk/ept/src/bsp_gpio_ept_config.o
 .debug_abbrev  0x0000000000002c6f      0x2ef ../../../../../out/mt7687_hdk/mcs_react_native_7697/obj/bootloader/driver/board/mt76x7_hdk/bootloader/src/mt7687/main.o
 .debug_abbrev  0x0000000000002f5e      0x30f ../../../../../out/mt7687_hdk/mcs_react_native_7697/obj/bootloader/driver/board/mt76x7_hdk/bootloader/src/mt7687/hw_uart.o
 .debug_abbrev  0x000000000000326d      0x402 ../../../../../out/mt7687_hdk/mcs_react_native_7697/obj/bootloader/middleware/MTK/fota/src/76x7/fota_76x7.o
 .debug_abbrev  0x000000000000366f       0x9b ../../../../../out/mt7687_hdk/mcs_react_native_7697/obj/bootloader/middleware/MTK/fota/src/76x7/fota_config.o